 DASH

 Timestamp is 409bae21 (Fri May 07 16:41:21 2004)

 Preferred load address is 00400000

 Start         Length     Name                   Class
 0001:00000000 001cd31aH .text                   CODE
 0002:00000000 0000001eH CODESEG                 CODE
 0003:00000000 00000580H .idata$5                DATA
 0003:00000580 00015989H .rdata                  DATA
 0003:00015f0c 000000a0H .idata$2                DATA
 0003:00015fac 00000014H .idata$3                DATA
 0003:00015fc0 00000580H .idata$4                DATA
 0003:00016540 000016beH .idata$6                DATA
 0003:00017bfe 00000000H .edata                  DATA
 0004:00000000 00000004H .CRT$XCA                DATA
 0004:00000004 00000004H .CRT$XCF                DATA
 0004:00000008 00000004H .CRT$XCZ                DATA
 0004:0000000c 00000004H .CRT$XIA                DATA
 0004:00000010 0000000cH .CRT$XIC                DATA
 0004:0000001c 00000004H .CRT$XIZ                DATA
 0004:00000020 00000004H .CRT$XPA                DATA
 0004:00000024 00000008H .CRT$XPX                DATA
 0004:0000002c 00000004H .CRT$XPZ                DATA
 0004:00000030 00000004H .CRT$XTA                DATA
 0004:00000034 00000004H .CRT$XTZ                DATA
 0004:00000040 0002490cH .data                   DATA
 0004:00024950 04709a10H .bss                    DATA
 0005:00000000 0000217cH .rsrc$01                DATA
 0005:00002180 00042c08H .rsrc$02                DATA

  Address         Publics by Value              Rva+Base     Lib:Object

 0001:00000000       _ALIGN                     00401000 f   Align.obj
 0001:00000000       _ALIGN@0                   00401000 f   Align.obj
 0001:00001982       _SHIFTHANDLER@24           00402982 f   Align.obj
 0001:00001982       _SHIFTHANDLER              00402982 f   Align.obj
 0001:00001a39       _GETSHIFT@12               00402a39 f   Align.obj
 0001:00001a39       _GETSHIFT                  00402a39 f   Align.obj
 0001:00001be7       _ZEROINFINITETRANSAXES@20  00402be7 f   Align.obj
 0001:00001be7       _ZEROINFINITETRANSAXES     00402be7 f   Align.obj
 0001:00001cb1       _COMCELL@12                00402cb1 f   Align.obj
 0001:00001cb1       _COMCELL                   00402cb1 f   Align.obj
 0001:00001f1a       _MAKEMOL@32                00402f1a f   Align.obj
 0001:00001f1a       _MAKEMOL                   00402f1a f   Align.obj
 0001:00002948       _SPECIALORIGINREQUIREMENTS@16 00403948 f   Align.obj
 0001:00002948       _SPECIALORIGINREQUIREMENTS 00403948 f   Align.obj
 0001:00002a97       _APPLYORIGINS@16           00403a97 f   Align.obj
 0001:00002a97       _APPLYORIGINS              00403a97 f   Align.obj
 0001:00002b9b       _ODDLYBEHAVEDAXISSWAPS@8   00403b9b f   Align.obj
 0001:00002b9b       _ODDLYBEHAVEDAXISSWAPS     00403b9b f   Align.obj
 0001:00002bf8       _TIMENOWSECONDS            00403bf8 f   Basic_Date.obj
 0001:00002bf8       _TIMENOWSECONDS@0          00403bf8 f   Basic_Date.obj
 0001:00002d65       _TIMENOW@4                 00403d65 f   Basic_Date.obj
 0001:00002d65       _TIMENOW                   00403d65 f   Basic_Date.obj
 0001:00002e92       _DATETODAY                 00403e92 f   Basic_Date.obj
 0001:00002e92       _DATETODAY@0               00403e92 f   Basic_Date.obj
 0001:00002f31       _DATE2STRING               00403f31 f   Basic_Date.obj
 0001:00002f31       _DATE2STRING@16            00403f31 f   Basic_Date.obj
 0001:000030ae       _ISLEAPYEAR                004040ae f   Basic_Date.obj
 0001:000030ae       _ISLEAPYEAR@4              004040ae f   Basic_Date.obj
 0001:00003107       _DATEADDDAYS@8             00404107 f   Basic_Date.obj
 0001:00003107       _DATEADDDAYS               00404107 f   Basic_Date.obj
 0001:00003225       _DATEDAYSELAPSED           00404225 f   Basic_Date.obj
 0001:00003225       _DATEDAYSELAPSED@8         00404225 f   Basic_Date.obj
 0001:000033a8       _GETBFIOERROR              004043a8 f   Basic_Files.obj
 0001:000033a8       _GETBFIOERROR@0            004043a8 f   Basic_Files.obj
 0001:000033b7       _FILEWRITESTRING@16        004043b7 f   Basic_Files.obj
 0001:000033b7       _FILEWRITESTRING           004043b7 f   Basic_Files.obj
 0001:0000364b       _FILEREADSTRING@16         0040464b f   Basic_Files.obj
 0001:0000364b       _FILEREADSTRING            0040464b f   Basic_Files.obj
 0001:00003856       _FILEWRITEINTEGER@12       00404856 f   Basic_Files.obj
 0001:00003856       _FILEWRITEINTEGER          00404856 f   Basic_Files.obj
 0001:000038cf       _FILEREADINTEGER@12        004048cf f   Basic_Files.obj
 0001:000038cf       _FILEREADINTEGER           004048cf f   Basic_Files.obj
 0001:0000394b       _FILEWRITEREAL             0040494b f   Basic_Files.obj
 0001:0000394b       _FILEWRITEREAL@12          0040494b f   Basic_Files.obj
 0001:000039cf       _FILEREADREAL              004049cf f   Basic_Files.obj
 0001:000039cf       _FILEREADREAL@12           004049cf f   Basic_Files.obj
 0001:00003a4f       _FILEWRITELOGICAL          00404a4f f   Basic_Files.obj
 0001:00003a4f       _FILEWRITELOGICAL@12       00404a4f f   Basic_Files.obj
 0001:00003ad0       _FILEREADLOGICAL@12        00404ad0 f   Basic_Files.obj
 0001:00003ad0       _FILEREADLOGICAL           00404ad0 f   Basic_Files.obj
 0001:00003b50       _FILERWSTRING              00404b50 f   Basic_Files.obj
 0001:00003b50       _FILERWSTRING@20           00404b50 f   Basic_Files.obj
 0001:00003b8c       _FILERWINTEGER             00404b8c f   Basic_Files.obj
 0001:00003b8c       _FILERWINTEGER@16          00404b8c f   Basic_Files.obj
 0001:00003c65       _FILERWREAL@16             00404c65 f   Basic_Files.obj
 0001:00003c65       _FILERWREAL                00404c65 f   Basic_Files.obj
 0001:00003d51       _FILERWLOGICAL@16          00404d51 f   Basic_Files.obj
 0001:00003d51       _FILERWLOGICAL             00404d51 f   Basic_Files.obj
 0001:00003e31       _SPLITPATH                 00404e31 f   Basic_Files.obj
 0001:00003e31       _SPLITPATH@24              00404e31 f   Basic_Files.obj
 0001:00004145       _SPLITPATH2                00405145 f   Basic_Files.obj
 0001:00004145       _SPLITPATH2@36             00405145 f   Basic_Files.obj
 0001:0000477e       _FILEGETEXTENSION@20       0040577e f   Basic_Files.obj
 0001:0000477e       _FILEGETEXTENSION          0040577e f   Basic_Files.obj
 0001:00004ab8       _ERRORMESSAGE              00405ab8 f   Basic_IO.obj
 0001:00004ab8       _ERRORMESSAGE@8            00405ab8 f   Basic_IO.obj
 0001:00004b9b       _DEBUGERRORMESSAGE         00405b9b f   Basic_IO.obj
 0001:00004b9b       _DEBUGERRORMESSAGE@8       00405b9b f   Basic_IO.obj
 0001:00004b9e       _DEBUGSHOW                 00405b9e f   Basic_IO.obj
 0001:00004b9e       _DEBUGSHOW@8               00405b9e f   Basic_IO.obj
 0001:00004ba1       _WARNINGMESSAGE@8          00405ba1 f   Basic_IO.obj
 0001:00004ba1       _WARNINGMESSAGE            00405ba1 f   Basic_IO.obj
 0001:00004c84       _INFOMESSAGE               00405c84 f   Basic_IO.obj
 0001:00004c84       _INFOMESSAGE@8             00405c84 f   Basic_IO.obj
 0001:00004d67       _CONFIRM                   00405d67 f   Basic_IO.obj
 0001:00004d67       _CONFIRM@8                 00405d67 f   Basic_IO.obj
 0001:00004e64       _SETCHILDWINAUTOCLOSE      00405e64 f   Basic_IO.obj
 0001:00004e64       _SETCHILDWINAUTOCLOSE@4    00405e64 f   Basic_IO.obj
 0001:00004e82       _REGISTERCHILDWINDOW@8     00405e82 f   Basic_IO.obj
 0001:00004e82       _REGISTERCHILDWINDOW       00405e82 f   Basic_IO.obj
 0001:00004eab       _UNREGISTERCHILDWINDOW@4   00405eab f   Basic_IO.obj
 0001:00004eab       _UNREGISTERCHILDWINDOW     00405eab f   Basic_IO.obj
 0001:00004ec7       _DEALWITHEVENT             00405ec7 f   Basic_IO.obj
 0001:00004ec7       _DEALWITHEVENT@0           00405ec7 f   Basic_IO.obj
 0001:00005370       _GETEVENT                  00406370 f   Basic_IO.obj
 0001:00005370       _GETEVENT@0                00406370 f   Basic_IO.obj
 0001:000053b5       _PEEKEVENT                 004063b5 f   Basic_IO.obj
 0001:000053b5       _PEEKEVENT@0               004063b5 f   Basic_IO.obj
 0001:00005403       _ISEVENTWAITING@0          00406403 f   Basic_IO.obj
 0001:00005403       _ISEVENTWAITING            00406403 f   Basic_IO.obj
 0001:0000544b       _PUSHACTIVEWINDOWID@0      0040644b f   Basic_IO.obj
 0001:0000544b       _PUSHACTIVEWINDOWID        0040644b f   Basic_IO.obj
 0001:00005492       _POPACTIVEWINDOWID         00406492 f   Basic_IO.obj
 0001:00005492       _POPACTIVEWINDOWID@0       00406492 f   Basic_IO.obj
 0001:000054c8       _CHRLOWERCASE              004064c8 f   Basic_Strings.obj
 0001:000054c8       _CHRLOWERCASE@16           004064c8 f   Basic_Strings.obj
 0001:000055f9       _CHRUPPERCASE@16           004065f9 f   Basic_Strings.obj
 0001:000055f9       _CHRUPPERCASE              004065f9 f   Basic_Strings.obj
 0001:0000572a       _STRUPPERCASE              0040672a f   Basic_Strings.obj
 0001:0000572a       _STRUPPERCASE@8            0040672a f   Basic_Strings.obj
 0001:0000581d       _CHRISLETTER               0040681d f   Basic_Strings.obj
 0001:0000581d       _CHRISLETTER@8             0040681d f   Basic_Strings.obj
 0001:000059e8       _CHRISDIGIT                004069e8 f   Basic_Strings.obj
 0001:000059e8       _CHRISDIGIT@8              004069e8 f   Basic_Strings.obj
 0001:00005ad7       _GETNUMOFCOLUMNS@8         00406ad7 f   Basic_Strings.obj
 0001:00005ad7       _GETNUMOFCOLUMNS           00406ad7 f   Basic_Strings.obj
 0001:000061e1       _GETSUBSTRING              004071e1 f   Basic_Strings.obj
 0001:000061e1       _GETSUBSTRING@24           004071e1 f   Basic_Strings.obj
 0001:000066d8       _STRREPLACE                004076d8 f   Basic_Strings.obj
 0001:000066d8       _STRREPLACE@24             004076d8 f   Basic_Strings.obj
 0001:0000693f       _STRCLEAN                  0040793f f   Basic_Strings.obj
 0001:0000693f       _STRCLEAN@12               0040793f f   Basic_Strings.obj
 0001:00006ebc       _INTEGER2STRING@12         00407ebc f   Basic_Strings.obj
 0001:00006ebc       _INTEGER2STRING            00407ebc f   Basic_Strings.obj
 0001:0000728a       _REAL2STRING@20            0040828a f   Basic_Strings.obj
 0001:0000728a       _REAL2STRING               0040828a f   Basic_Strings.obj
 0001:000077b5       _STRFIND@24                004087b5 f   Basic_Strings.obj
 0001:000077b5       _STRFIND                   004087b5 f   Basic_Strings.obj
 0001:00007938       _LATTICECELLPARAMETERS2LATTICE 00408938 f   Basic_Vectors.obj
 0001:00007938       _LATTICECELLPARAMETERS2LATTICE@28 00408938 f   Basic_Vectors.obj
 0001:00007ad0       _LATTICECELLPARAMETERS2LATTICE_2 00408ad0 f   Basic_Vectors.obj
 0001:00007ad0       _LATTICECELLPARAMETERS2LATTICE_2@28 00408ad0 f   Basic_Vectors.obj
 0001:00007c6a       _VECTORNORMALISE           00408c6a f   Basic_Vectors.obj
 0001:00007c6a       _VECTORNORMALISE@4         00408c6a f   Basic_Vectors.obj
 0001:00007cd8       _VECTORORTHOGONALISE       00408cd8 f   Basic_Vectors.obj
 0001:00007cd8       _VECTORORTHOGONALISE@8     00408cd8 f   Basic_Vectors.obj
 0001:00007e09       _VECTORGETLENGTH@4         00408e09 f   Basic_Vectors.obj
 0001:00007e09       _VECTORGETLENGTH           00408e09 f   Basic_Vectors.obj
 0001:00007e2a       _VECTORISNULLVECTOR@4      00408e2a f   Basic_Vectors.obj
 0001:00007e2a       _VECTORISNULLVECTOR        00408e2a f   Basic_Vectors.obj
 0001:00007e66       _VECTORSETLENGTH@8         00408e66 f   Basic_Vectors.obj
 0001:00007e66       _VECTORSETLENGTH           00408e66 f   Basic_Vectors.obj
 0001:00007ea2       _VECTORCROSSPRODUCT@12     00408ea2 f   Basic_Vectors.obj
 0001:00007ea2       _VECTORCROSSPRODUCT        00408ea2 f   Basic_Vectors.obj
 0001:00007eef       _VECTOR2QUATERNION@8       00408eef f   Basic_Vectors.obj
 0001:00007eef       _VECTOR2QUATERNION         00408eef f   Basic_Vectors.obj
 0001:000080d5       _PREMULTIPLYVECTORBYMATRIX@12 004090d5 f   Basic_Vectors.obj
 0001:000080d5       _PREMULTIPLYVECTORBYMATRIX 004090d5 f   Basic_Vectors.obj
 0001:0000813a       _QUATERNIONMULTIPLY@12     0040913a f   Basic_Vectors.obj
 0001:0000813a       _QUATERNIONMULTIPLY        0040913a f   Basic_Vectors.obj
 0001:000081f7       _QUATERNIONINVERSE         004091f7 f   Basic_Vectors.obj
 0001:000081f7       _QUATERNIONINVERSE@4       004091f7 f   Basic_Vectors.obj
 0001:00008218       _ADDANG@28                 00409218 f   Ccslmain.obj
 0001:00008218       _ADDANG                    00409218 f   Ccslmain.obj
 0001:000084ad       _ADDATM                    004094ad f   Ccslmain.obj
 0001:000084ad       _ADDATM@32                 004094ad f   Ccslmain.obj
 0001:00008938       _ADDBON@20                 00409938 f   Ccslmain.obj
 0001:00008938       _ADDBON                    00409938 f   Ccslmain.obj
 0001:00008b9c       _ADDCON@16                 00409b9c f   Ccslmain.obj
 0001:00008b9c       _ADDCON                    00409b9c f   Ccslmain.obj
 0001:00008bcf       _RELCON@16                 00409bcf f   Ccslmain.obj
 0001:00008bcf       _RELCON                    00409bcf f   Ccslmain.obj
 0001:00008c02       _SUBCON                    00409c02 f   Ccslmain.obj
 0001:00008c02       _SUBCON@16                 00409c02 f   Ccslmain.obj
 0001:00009024       _ADDPLN@8                  0040a024 f   Ccslmain.obj
 0001:00009024       _ADDPLN                    0040a024 f   Ccslmain.obj
 0001:00009027       _ADDTOR                    0040a027 f   Ccslmain.obj
 0001:00009027       _ADDTOR@40                 0040a027 f   Ccslmain.obj
 0001:000093eb       _ADJUST                    0040a3eb f   Ccslmain.obj
 0001:000093eb       _ADJUST@4                  0040a3eb f   Ccslmain.obj
 0001:00009941       _ANGLST                    0040a941 f   Ccslmain.obj
 0001:00009941       _ANGLST@4                  0040a941 f   Ccslmain.obj
 0001:0000a3cb       _ANGRAD@12                 0040b3cb f   Ccslmain.obj
 0001:0000a3cb       _ANGRAD                    0040b3cb f   Ccslmain.obj
 0001:0000a454       _ANITF@8                   0040b454 f   Ccslmain.obj
 0001:0000a454       _ANITF                     0040b454 f   Ccslmain.obj
 0001:0000a50f       _ASUNIT                    0040b50f f   Ccslmain.obj
 0001:0000a50f       _ASUNIT@16                 0040b50f f   Ccslmain.obj
 0001:0000a60e       _ATOPOS                    0040b60e f   Ccslmain.obj
 0001:0000a60e       _ATOPOS@0                  0040b60e f   Ccslmain.obj
 0001:0000af59       _ATSPEC@16                 0040bf59 f   Ccslmain.obj
 0001:0000af59       _ATSPEC                    0040bf59 f   Ccslmain.obj
 0001:0000b19f       _AXIS@8                    0040c19f f   Ccslmain.obj
 0001:0000b19f       _AXIS                      0040c19f f   Ccslmain.obj
 0001:0000b444       _BINDIG                    0040c444 f   Ccslmain.obj
 0001:0000b444       _BINDIG@8                  0040c444 f   Ccslmain.obj
 0001:0000b4a5       _BONCOS@28                 0040c4a5 f   Ccslmain.obj
 0001:0000b4a5       _BONCOS                    0040c4a5 f   Ccslmain.obj
 0001:0000b577       _BONDA                     0040c577 f   Ccslmain.obj
 0001:0000b577       _BONDA@12                  0040c577 f   Ccslmain.obj
 0001:0000b820       _BONDER                    0040c820 f   Ccslmain.obj
 0001:0000b820       _BONDER@4                  0040c820 f   Ccslmain.obj
 0001:0000bb47       _BONTRI@20                 0040cb47 f   Ccslmain.obj
 0001:0000bb47       _BONTRI                    0040cb47 f   Ccslmain.obj
 0001:0000bd76       _CARDIN@4                  0040cd76 f   Ccslmain.obj
 0001:0000bd76       _CARDIN                    0040cd76 f   Ccslmain.obj
 0001:0000be99       _CDFIN@12                  0040ce99 f   Ccslmain.obj
 0001:0000be99       _CDFIN                     0040ce99 f   Ccslmain.obj
 0001:0000c435       _CDSCAN@32                 0040d435 f   Ccslmain.obj
 0001:0000c435       _CDSCAN                    0040d435 f   Ccslmain.obj
 0001:0000c5c6       _CELDER                    0040d5c6 f   Ccslmain.obj
 0001:0000c5c6       _CELDER@8                  0040d5c6 f   Ccslmain.obj
 0001:0000c68e       _CELMAT                    0040d68e f   Ccslmain.obj
 0001:0000c68e       _CELMAT@4                  0040d68e f   Ccslmain.obj
 0001:0000c8d2       _CELNEW@0                  0040d8d2 f   Ccslmain.obj
 0001:0000c8d2       _CELNEW                    0040d8d2 f   Ccslmain.obj
 0001:0000ca29       _CELREL@12                 0040da29 f   Ccslmain.obj
 0001:0000ca29       _CELREL                    0040da29 f   Ccslmain.obj
 0001:0000cb21       _CELSDP                    0040db21 f   Ccslmain.obj
 0001:0000cb21       _CELSDP@8                  0040db21 f   Ccslmain.obj
 0001:0000cd0e       _CELSHF                    0040dd0e f   Ccslmain.obj
 0001:0000cd0e       _CELSHF@4                  0040dd0e f   Ccslmain.obj
 0001:0000cd3c       _CELVAR                    0040dd3c f   Ccslmain.obj
 0001:0000cd3c       _CELVAR@8                  0040dd3c f   Ccslmain.obj
 0001:0000cda7       _CENTRE                    0040dda7 f   Ccslmain.obj
 0001:0000cda7       _CENTRE@20                 0040dda7 f   Ccslmain.obj
 0001:0000cf44       _CLOFIL@4                  0040df44 f   Ccslmain.obj
 0001:0000cf44       _CLOFIL                    0040df44 f   Ccslmain.obj
 0001:0000cfde       _CONATF@8                  0040dfde f   Ccslmain.obj
 0001:0000cfde       _CONATF                    0040dfde f   Ccslmain.obj
 0001:0000d0f1       _DEPRIN                    0040e0f1 f   Ccslmain.obj
 0001:0000d0f1       _DEPRIN@4                  0040e0f1 f   Ccslmain.obj
 0001:0000d194       _DUMMY                     0040e194 f   Ccslmain.obj
 0001:0000d194       _DUMMY@4                   0040e194 f   Ccslmain.obj
 0001:0000d197       _ELEMAT@16                 0040e197 f   Ccslmain.obj
 0001:0000d197       _ELEMAT                    0040e197 f   Ccslmain.obj
 0001:0000d1f4       _EQOP                      0040e1f4 f   Ccslmain.obj
 0001:0000d1f4       _EQOP@16                   0040e1f4 f   Ccslmain.obj
 0001:0000d44d       _EQPOS@20                  0040e44d f   Ccslmain.obj
 0001:0000d44d       _EQPOS                     0040e44d f   Ccslmain.obj
 0001:0000d5ff       _EQPPOS                    0040e5ff f   Ccslmain.obj
 0001:0000d5ff       _EQPPOS@20                 0040e5ff f   Ccslmain.obj
 0001:0000d757       _EQRLV@20                  0040e757 f   Ccslmain.obj
 0001:0000d757       _EQRLV                     0040e757 f   Ccslmain.obj
 0001:0000d8a3       _EQVEC                     0040e8a3 f   Ccslmain.obj
 0001:0000d8a3       _EQVEC@20                  0040e8a3 f   Ccslmain.obj
 0001:0000d9d6       _ERRATM@20                 0040e9d6 f   Ccslmain.obj
 0001:0000d9d6       _ERRATM                    0040e9d6 f   Ccslmain.obj
 0001:0000db23       _ERRCH2@28                 0040eb23 f   Ccslmain.obj
 0001:0000db23       _ERRCH2                    0040eb23 f   Ccslmain.obj
 0001:0000ddad       _ERRCHK                    0040edad f   Ccslmain.obj
 0001:0000ddad       _ERRCHK@24                 0040edad f   Ccslmain.obj
 0001:0000df84       _ERRIN2@24                 0040ef84 f   Ccslmain.obj
 0001:0000df84       _ERRIN2                    0040ef84 f   Ccslmain.obj
 0001:0000e19d       _ERRMES@16                 0040f19d f   Ccslmain.obj
 0001:0000e19d       _ERRMES                    0040f19d f   Ccslmain.obj
 0001:0000e4ec       _ERRRE2                    0040f4ec f   Ccslmain.obj
 0001:0000e4ec       _ERRRE2@24                 0040f4ec f   Ccslmain.obj
 0001:0000e704       _EXCLD                     0040f704 f   Ccslmain.obj
 0001:0000e704       _EXCLD@12                  0040f704 f   Ccslmain.obj
 0001:0000e77b       _UXEXPAND                  0040f77b f   Ccslmain.obj
 0001:0000e77b       _UXEXPAND@16               0040f77b f   Ccslmain.obj
 0001:0000e995       _EXTINC                    0040f995 f   Ccslmain.obj
 0001:0000e995       _EXTINC@8                  0040f995 f   Ccslmain.obj
 0001:0000ebe0       _EXTIN1@0                  0040fbe0 f   Ccslmain.obj
 0001:0000ebe0       _EXTIN1                    0040fbe0 f   Ccslmain.obj
 0001:0000ebfb       _EXTIN3@4                  0040fbfb f   Ccslmain.obj
 0001:0000ebfb       _EXTIN3                    0040fbfb f   Ccslmain.obj
 0001:0000ec50       _EXTIN4@0                  0040fc50 f   Ccslmain.obj
 0001:0000ec50       _EXTIN4                    0040fc50 f   Ccslmain.obj
 0001:0000ecf0       _EXTIN8                    0040fcf0 f   Ccslmain.obj
 0001:0000ecf0       _EXTIN8@8                  0040fcf0 f   Ccslmain.obj
 0001:0000ed26       _EXTIN9@0                  0040fd26 f   Ccslmain.obj
 0001:0000ed26       _EXTIN9                    0040fd26 f   Ccslmain.obj
 0001:0000ed6f       _F2NEW                     0040fd6f f   Ccslmain.obj
 0001:0000ed6f       _F2NEW@4                   0040fd6f f   Ccslmain.obj
 0001:0000f4ca       _F2RELA                    004104ca f   Ccslmain.obj
 0001:0000f4ca       _F2RELA@8                  004104ca f   Ccslmain.obj
 0001:0000fb15       _F2SHFT@0                  00410b15 f   Ccslmain.obj
 0001:0000fb15       _F2SHFT                    00410b15 f   Ccslmain.obj
 0001:0000fcc3       _F2VAR8@12                 00410cc3 f   Ccslmain.obj
 0001:0000fcc3       _F2VAR8                    00410cc3 f   Ccslmain.obj
 0001:0000fd53       _F2VAR9@0                  00410d53 f   Ccslmain.obj
 0001:0000fd53       _F2VAR9                    00410d53 f   Ccslmain.obj
 0001:0000ff9f       _FACTGP@12                 00410f9f f   Ccslmain.obj
 0001:0000ff9f       _FACTGP                    00410f9f f   Ccslmain.obj
 0001:00010134       _FCALC@8                   00411134 f   Ccslmain.obj
 0001:00010134       _FCALC                     00411134 f   Ccslmain.obj
 0001:00010408       _FCTOR@8                   00411408 f   Ccslmain.obj
 0001:00010408       _FCTOR                     00411408 f   Ccslmain.obj
 0001:00010565       _FETSHF                    00411565 f   Ccslmain.obj
 0001:00010565       _FETSHF@12                 00411565 f   Ccslmain.obj
 0001:000106c8       _FILNOM                    004116c8 f   Ccslmain.obj
 0001:000106c8       _FILNOM@12                 004116c8 f   Ccslmain.obj
 0001:0001076a       _FILPRO                    0041176a f   Ccslmain.obj
 0001:0001076a       _FILPRO@16                 0041176a f   Ccslmain.obj
 0001:000112b5       _FINDCD@28                 004122b5 f   Ccslmain.obj
 0001:000112b5       _FINDCD                    004122b5 f   Ccslmain.obj
 0001:00011472       _FIXPAR                    00412472 f   Ccslmain.obj
 0001:00011472       _FIXPAR@8                  00412472 f   Ccslmain.obj
 0001:0001151f       _FIXREL@20                 0041251f f   Ccslmain.obj
 0001:0001151f       _FIXREL                    0041251f f   Ccslmain.obj
 0001:000116c7       _FIXUNI@8                  004126c7 f   Ccslmain.obj
 0001:000116c7       _FIXUNI                    004126c7 f   Ccslmain.obj
 0001:00011a42       _FIXVAR                    00412a42 f   Ccslmain.obj
 0001:00011a42       _FIXVAR@28                 00412a42 f   Ccslmain.obj
 0001:00011af1       _ADDFX5@24                 00412af1 f   Ccslmain.obj
 0001:00011af1       _ADDFX5                    00412af1 f   Ccslmain.obj
 0001:00011b40       _ADDVR5@24                 00412b40 f   Ccslmain.obj
 0001:00011b40       _ADDVR5                    00412b40 f   Ccslmain.obj
 0001:00011be8       _ADDFIX@8                  00412be8 f   Ccslmain.obj
 0001:00011be8       _ADDFIX                    00412be8 f   Ccslmain.obj
 0001:00011c16       _ADDVAR@8                  00412c16 f   Ccslmain.obj
 0001:00011c16       _ADDVAR                    00412c16 f   Ccslmain.obj
 0001:00011c44       _FVKPAK                    00412c44 f   Ccslmain.obj
 0001:00011c44       _FVKPAK@12                 00412c44 f   Ccslmain.obj
 0001:00011f27       _FLIP@8                    00412f27 f   Ccslmain.obj
 0001:00011f27       _FLIP                      00412f27 f   Ccslmain.obj
 0001:00011f46       _FORMFA@12                 00412f46 f   Ccslmain.obj
 0001:00011f46       _FORMFA                    00412f46 f   Ccslmain.obj
 0001:00012300       _FUDGET                    00413300 f   Ccslmain.obj
 0001:00012300       _FUDGET@16                 00413300 f   Ccslmain.obj
 0001:00012442       _FUDGIN@0                  00413442 f   Ccslmain.obj
 0001:00012442       _FUDGIN                    00413442 f   Ccslmain.obj
 0001:00012a65       _GENELM                    00413a65 f   Ccslmain.obj
 0001:00012a65       _GENELM@8                  00413a65 f   Ccslmain.obj
 0001:00012d74       _GENMUL@12                 00413d74 f   Ccslmain.obj
 0001:00012d74       _GENMUL                    00413d74 f   Ccslmain.obj
 0001:00013107       _GEOMCO                    00414107 f   Ccslmain.obj
 0001:00013107       _GEOMCO@4                  00414107 f   Ccslmain.obj
 0001:000134b8       _GEOMIN@4                  004144b8 f   Ccslmain.obj
 0001:000134b8       _GEOMIN                    004144b8 f   Ccslmain.obj
 0001:00014ffc       _GEOMLS@8                  00415ffc f   Ccslmain.obj
 0001:00014ffc       _GEOMLS                    00415ffc f   Ccslmain.obj
 0001:00016a94       _GETGEN                    00417a94 f   Ccslmain.obj
 0001:00016a94       _GETGEN@8                  00417a94 f   Ccslmain.obj
 0001:00016e22       _IATOM@8                   00417e22 f   Ccslmain.obj
 0001:00016e22       _IATOM                     00417e22 f   Ccslmain.obj
 0001:00016e65       _IICD1@0                   00417e65 f   Ccslmain.obj
 0001:00016e65       _IICD1                     00417e65 f   Ccslmain.obj
 0001:000171d5       _INBOX                     004181d5 f   Ccslmain.obj
 0001:000171d5       _INBOX@8                   004181d5 f   Ccslmain.obj
 0001:000172a7       _INDFIX@8                  004182a7 f   Ccslmain.obj
 0001:000172a7       _INDFIX                    004182a7 f   Ccslmain.obj
 0001:000172ee       _INDFLO@8                  004182ee f   Ccslmain.obj
 0001:000172ee       _INDFLO                    004182ee f   Ccslmain.obj
 0001:00017309       _INITIL@8                  00418309 f   Ccslmain.obj
 0001:00017309       _INITIL                    00418309 f   Ccslmain.obj
 0001:00017958       _INPUTA                    00418958 f   Ccslmain.obj
 0001:00017958       _INPUTA@44                 00418958 f   Ccslmain.obj
 0001:00017cc9       _INPUTC@8                  00418cc9 f   Ccslmain.obj
 0001:00017cc9       _INPUTC                    00418cc9 f   Ccslmain.obj
 0001:00017dbd       _INPUTE@0                  00418dbd f   Ccslmain.obj
 0001:00017dbd       _INPUTE                    00418dbd f   Ccslmain.obj
 0001:000181f1       _INPUTF                    004191f1 f   Ccslmain.obj
 0001:000181f1       _INPUTF@28                 004191f1 f   Ccslmain.obj
 0001:00018323       _INPUTI                    00419323 f   Ccslmain.obj
 0001:00018323       _INPUTI@0                  00419323 f   Ccslmain.obj
 0001:00018454       _INPUTN                    00419454 f   Ccslmain.obj
 0001:00018454       _INPUTN@4                  00419454 f   Ccslmain.obj
 0001:00018696       _INPUTS                    00419696 f   Ccslmain.obj
 0001:00018696       _INPUTS@12                 00419696 f   Ccslmain.obj
 0001:00018b4f       _INPUTT@28                 00419b4f f   Ccslmain.obj
 0001:00018b4f       _INPUTT                    00419b4f f   Ccslmain.obj
 0001:00018d27       _INPUTU@4                  00419d27 f   Ccslmain.obj
 0001:00018d27       _INPUTU                    00419d27 f   Ccslmain.obj
 0001:00018ef6       _INTCHR@24                 00419ef6 f   Ccslmain.obj
 0001:00018ef6       _INTCHR                    00419ef6 f   Ccslmain.obj
 0001:0001917a       _INTDIG                    0041a17a f   Ccslmain.obj
 0001:0001917a       _INTDIG@12                 0041a17a f   Ccslmain.obj
 0001:00019204       _INVENT@12                 0041a204 f   Ccslmain.obj
 0001:00019204       _INVENT                    0041a204 f   Ccslmain.obj
 0001:0001952e       _IPOPE@4                   0041a52e f   Ccslmain.obj
 0001:0001952e       _IPOPE                     0041a52e f   Ccslmain.obj
 0001:000195c2       _ISCAT@8                   0041a5c2 f   Ccslmain.obj
 0001:000195c2       _ISCAT                     0041a5c2 f   Ccslmain.obj
 0001:00019605       _ISPABS                    0041a605 f   Ccslmain.obj
 0001:00019605       _ISPABS@4                  0041a605 f   Ccslmain.obj
 0001:00019793       _KPAK                      0041a793 f   Ccslmain.obj
 0001:00019793       _KPAK@20                   0041a793 f   Ccslmain.obj
 0001:0001981c       _KSAME@8                   0041a81c f   Ccslmain.obj
 0001:0001981c       _KSAME                     0041a81c f   Ccslmain.obj
 0001:000198ab       _KUNPAK@24                 0041a8ab f   Ccslmain.obj
 0001:000198ab       _KUNPAK                    0041a8ab f   Ccslmain.obj
 0001:0001995b       _KWHOLE                    0041a95b f   Ccslmain.obj
 0001:0001995b       _KWHOLE@8                  0041a95b f   Ccslmain.obj
 0001:000199d2       _LATABS@4                  0041a9d2 f   Ccslmain.obj
 0001:000199d2       _LATABS                    0041a9d2 f   Ccslmain.obj
 0001:00019ae7       _LATVEC@4                  0041aae7 f   Ccslmain.obj
 0001:00019ae7       _LATVEC                    0041aae7 f   Ccslmain.obj
 0001:00019b92       _LENG@12                   0041ab92 f   Ccslmain.obj
 0001:00019b92       _LENG                      0041ab92 f   Ccslmain.obj
 0001:00019be8       _LENGT                     0041abe8 f   Ccslmain.obj
 0001:00019be8       _LENGT@8                   0041abe8 f   Ccslmain.obj
 0001:00019c95       _LETTER@8                  0041ac95 f   Ccslmain.obj
 0001:00019c95       _LETTER                    0041ac95 f   Ccslmain.obj
 0001:00019d33       _LFCALC                    0041ad33 f   Ccslmain.obj
 0001:00019d33       _LFCALC@4                  0041ad33 f   Ccslmain.obj
 0001:0001a620       _LLTFAC@4                  0041b620 f   Ccslmain.obj
 0001:0001a620       _LLTFAC                    0041b620 f   Ccslmain.obj
 0001:0001a7a8       _LTFAC8@4                  0041b7a8 f   Ccslmain.obj
 0001:0001a7a8       _LTFAC8                    0041b7a8 f   Ccslmain.obj
 0001:0001a7c9       _LTFAC9                    0041b7c9 f   Ccslmain.obj
 0001:0001a7c9       _LTFAC9@0                  0041b7c9 f   Ccslmain.obj
 0001:0001a7fc       _LMATCH                    0041b7fc f   Ccslmain.obj
 0001:0001a7fc       _LMATCH@24                 0041b7fc f   Ccslmain.obj
 0001:0001a8c7       _MAKGRP                    0041b8c7 f   Ccslmain.obj
 0001:0001a8c7       _MAKGRP@16                 0041b8c7 f   Ccslmain.obj
 0001:0001abcd       _MAKNAM@20                 0041bbcd f   Ccslmain.obj
 0001:0001abcd       _MAKNAM                    0041bbcd f   Ccslmain.obj
 0001:0001accd       _MATCEL@8                  0041bccd f   Ccslmain.obj
 0001:0001accd       _MATCEL                    0041bccd f   Ccslmain.obj
 0001:0001b17c       _MATCOR@8                  0041c17c f   Ccslmain.obj
 0001:0001b17c       _MATCOR                    0041c17c f   Ccslmain.obj
 0001:0001b934       _MATINV                    0041c934 f   Ccslmain.obj
 0001:0001b934       _MATINV@8                  0041c934 f   Ccslmain.obj
 0001:0001c2fc       _MATSET                    0041d2fc f   Ccslmain.obj
 0001:0001c2fc       _MATSET@8                  0041d2fc f   Ccslmain.obj
 0001:0001c55d       _MATSHF@8                  0041d55d f   Ccslmain.obj
 0001:0001c55d       _MATSHF                    0041d55d f   Ccslmain.obj
 0001:0001ca08       _MATTOT@8                  0041da08 f   Ccslmain.obj
 0001:0001ca08       _MATTOT                    0041da08 f   Ccslmain.obj
 0001:0001cc1a       _MESS                      0041dc1a f   Ccslmain.obj
 0001:0001cc1a       _MESS@16                   0041dc1a f   Ccslmain.obj
 0001:0001cd3b       _MINIM                     0041dd3b f   Ccslmain.obj
 0001:0001cd3b       _MINIM@12                  0041dd3b f   Ccslmain.obj
 0001:0001cdb9       _MTPROD@12                 0041ddb9 f   Ccslmain.obj
 0001:0001cdb9       _MTPROD                    0041ddb9 f   Ccslmain.obj
 0001:0001cde4       _MULBOX@4                  0041dde4 f   Ccslmain.obj
 0001:0001cde4       _MULBOX                    0041dde4 f   Ccslmain.obj
 0001:0001cfbb       _NCFIND@20                 0041dfbb f   Ccslmain.obj
 0001:0001cfbb       _NCFIND                    0041dfbb f   Ccslmain.obj
 0001:0001d114       _NDIGIT                    0041e114 f   Ccslmain.obj
 0001:0001d114       _NDIGIT@8                  0041e114 f   Ccslmain.obj
 0001:0001d189       _NEWCD                     0041e189 f   Ccslmain.obj
 0001:0001d189       _NEWCD@0                   0041e189 f   Ccslmain.obj
 0001:0001d1f1       _NEWLIN                    0041e1f1 f   Ccslmain.obj
 0001:0001d1f1       _NEWLIN@4                  0041e1f1 f   Ccslmain.obj
 0001:0001d233       _NFIND@12                  0041e233 f   Ccslmain.obj
 0001:0001d233       _NFIND                     0041e233 f   Ccslmain.obj
 0001:0001d2a7       _NOPFIL                    0041e2a7 f   Ccslmain.obj
 0001:0001d2a7       _NOPFIL@4                  0041e2a7 f   Ccslmain.obj
 0001:0001e227       _NPACK                     0041f227 f   Ccslmain.obj
 0001:0001e227       _NPACK@20                  0041f227 f   Ccslmain.obj
 0001:0001e6a4       _NSIGFG                    0041f6a4 f   Ccslmain.obj
 0001:0001e6a4       _NSIGFG@4                  0041f6a4 f   Ccslmain.obj
 0001:0001e830       _NSYMBL@8                  0041f830 f   Ccslmain.obj
 0001:0001e830       _NSYMBL                    0041f830 f   Ccslmain.obj
 0001:0001e885       _NTICK@4                   0041f885 f   Ccslmain.obj
 0001:0001e885       _NTICK                     0041f885 f   Ccslmain.obj
 0001:0001e891       _NUMDEN@20                 0041f891 f   Ccslmain.obj
 0001:0001e891       _NUMDEN                    0041f891 f   Ccslmain.obj
 0001:0001eb19       _NWINT2                    0041fb19 f   Ccslmain.obj
 0001:0001eb19       _NWINT2@0                  0041fb19 f   Ccslmain.obj
 0001:0001ed29       _ONCARD                    0041fd29 f   Ccslmain.obj
 0001:0001ed29       _ONCARD@20                 0041fd29 f   Ccslmain.obj
 0001:0001eeb6       _OPNFIL@8                  0041feb6 f   Ccslmain.obj
 0001:0001eeb6       _OPNFIL                    0041feb6 f   Ccslmain.obj
 0001:0001f1e4       _OPSYM                     004201e4 f   Ccslmain.obj
 0001:0001f1e4       _OPSYM@4                   004201e4 f   Ccslmain.obj
 0001:0001fd34       _ORTHG                     00420d34 f   Ccslmain.obj
 0001:0001fd34       _ORTHG@4                   00420d34 f   Ccslmain.obj
 0001:0001febf       _ORTHO                     00420ebf f   Ccslmain.obj
 0001:0001febf       _ORTHO@12                  00420ebf f   Ccslmain.obj
 0001:0001ff30       _OTPUTI                    00420f30 f   Ccslmain.obj
 0001:0001ff30       _OTPUTI@0                  00420f30 f   Ccslmain.obj
 0001:00020214       _PARITY@12                 00421214 f   Ccslmain.obj
 0001:00020214       _PARITY                    00421214 f   Ccslmain.obj
 0001:0002026d       _PARNAM                    0042126d f   Ccslmain.obj
 0001:0002026d       _PARNAM@24                 0042126d f   Ccslmain.obj
 0001:00020723       _PARRD@24                  00421723 f   Ccslmain.obj
 0001:00020723       _PARRD                     00421723 f   Ccslmain.obj
 0001:00020bfe       _PLN3AD@12                 00421bfe f   Ccslmain.obj
 0001:00020bfe       _PLN3AD                    00421bfe f   Ccslmain.obj
 0001:00020dcb       _POLUNI                    00421dcb f   Ccslmain.obj
 0001:00020dcb       _POLUNI@0                  00421dcb f   Ccslmain.obj
 0001:0002138d       _PRBLOK@0                  0042238d f   Ccslmain.obj
 0001:0002138d       _PRBLOK                    0042238d f   Ccslmain.obj
 0001:00021a91       _PREFIN@8                  00422a91 f   Ccslmain.obj
 0001:00021a91       _PREFIN                    00422a91 f   Ccslmain.obj
 0001:00021b75       _PRILIS@12                 00422b75 f   Ccslmain.obj
 0001:00021b75       _PRILIS                    00422b75 f   Ccslmain.obj
 0001:00021c6b       _PRIPLN                    00422c6b f   Ccslmain.obj
 0001:00021c6b       _PRIPLN@8                  00422c6b f   Ccslmain.obj
 0001:00021ee1       _PRIVAR                    00422ee1 f   Ccslmain.obj
 0001:00021ee1       _PRIVAR@0                  00422ee1 f   Ccslmain.obj
 0001:00023204       _PRIWRD@24                 00424204 f   Ccslmain.obj
 0001:00023204       _PRIWRD                    00424204 f   Ccslmain.obj
 0001:000233cb       _PRMTIV                    004243cb f   Ccslmain.obj
 0001:000233cb       _PRMTIV@0                  004243cb f   Ccslmain.obj
 0001:00023814       _PRNCYC                    00424814 f   Ccslmain.obj
 0001:00023814       _PRNCYC@4                  00424814 f   Ccslmain.obj
 0001:000238ab       _ARANGE@12                 004248ab f   Ccslmain.obj
 0001:000238ab       _ARANGE                    004248ab f   Ccslmain.obj
 0001:000239f2       _RDANGL@24                 004249f2 f   Ccslmain.obj
 0001:000239f2       _RDANGL                    004249f2 f   Ccslmain.obj
 0001:00023b2d       _RDATOM                    00424b2d f   Ccslmain.obj
 0001:00023b2d       _RDATOM@24                 00424b2d f   Ccslmain.obj
 0001:00023ed7       _RDBOND@12                 00424ed7 f   Ccslmain.obj
 0001:00023ed7       _RDBOND                    00424ed7 f   Ccslmain.obj
 0001:0002404c       _RDDATA                    0042504c f   Ccslmain.obj
 0001:0002404c       _RDDATA@24                 0042504c f   Ccslmain.obj
 0001:000242d3       _RDFV                      004252d3 f   Ccslmain.obj
 0001:000242d3       _RDFV@0                    004252d3 f   Ccslmain.obj
 0001:00024994       _RDINTG@20                 00425994 f   Ccslmain.obj
 0001:00024994       _RDINTG                    00425994 f   Ccslmain.obj
 0001:00024b48       _RDNUMS@20                 00425b48 f   Ccslmain.obj
 0001:00024b48       _RDNUMS                    00425b48 f   Ccslmain.obj
 0001:00025095       _RDREAL@20                 00426095 f   Ccslmain.obj
 0001:00025095       _RDREAL                    00426095 f   Ccslmain.obj
 0001:00025451       _RDRELA                    00426451 f   Ccslmain.obj
 0001:00025451       _RDRELA@0                  00426451 f   Ccslmain.obj
 0001:00025751       _RDWORD                    00426751 f   Ccslmain.obj
 0001:00025751       _RDWORD@32                 00426751 f   Ccslmain.obj
 0001:000259d6       _RECELL@8                  004269d6 f   Ccslmain.obj
 0001:000259d6       _RECELL                    004269d6 f   Ccslmain.obj
 0001:00026115       _RECIP@0                   00427115 f   Ccslmain.obj
 0001:00026115       _RECIP                     00427115 f   Ccslmain.obj
 0001:00026819       _REINDX@4                  00427819 f   Ccslmain.obj
 0001:00026819       _REINDX                    00427819 f   Ccslmain.obj
 0001:000268cc       _RELATE@0                  004278cc f   Ccslmain.obj
 0001:000268cc       _RELATE                    004278cc f   Ccslmain.obj
 0001:00026aee       _RELPAR                    00427aee f   Ccslmain.obj
 0001:00026aee       _RELPAR@24                 00427aee f   Ccslmain.obj
 0001:00026efb       _RELSM3                    00427efb f   Ccslmain.obj
 0001:00026efb       _RELSM3@12                 00427efb f   Ccslmain.obj
 0001:0002708c       _RELSM6@12                 0042808c f   Ccslmain.obj
 0001:0002708c       _RELSM6                    0042808c f   Ccslmain.obj
 0001:00027370       _RFACS@4                   00428370 f   Ccslmain.obj
 0001:00027370       _RFACS                     00428370 f   Ccslmain.obj
 0001:00027923       _ROTOSM                    00428923 f   Ccslmain.obj
 0001:00027923       _ROTOSM@16                 00428923 f   Ccslmain.obj
 0001:00027ab8       _CROTO                     00428ab8 f   Ccslmain.obj
 0001:00027ab8       _CROTO@16                  00428ab8 f   Ccslmain.obj
 0001:00027b37       _ROTSYM                    00428b37 f   Ccslmain.obj
 0001:00027b37       _ROTSYM@16                 00428b37 f   Ccslmain.obj
 0001:00027c08       _SAID@16                   00428c08 f   Ccslmain.obj
 0001:00027c08       _SAID                      00428c08 f   Ccslmain.obj
 0001:00027c47       _SCLCHN@16                 00428c47 f   Ccslmain.obj
 0001:00027c47       _SCLCHN                    00428c47 f   Ccslmain.obj
 0001:00027cd0       _SCLPRD@12                 00428cd0 f   Ccslmain.obj
 0001:00027cd0       _SCLPRD                    00428cd0 f   Ccslmain.obj
 0001:00027d74       _SETANI                    00428d74 f   Ccslmain.obj
 0001:00027d74       _SETANI@0                  00428d74 f   Ccslmain.obj
 0001:000281d0       _SETFOR@0                  004291d0 f   Ccslmain.obj
 0001:000281d0       _SETFOR                    004291d0 f   Ccslmain.obj
 0001:000295f6       _SETGEN                    0042a5f6 f   Ccslmain.obj
 0001:000295f6       _SETGEN@4                  0042a5f6 f   Ccslmain.obj
 0001:00029abb       _SHFESD                    0042aabb f   Ccslmain.obj
 0001:00029abb       _SHFESD@4                  0042aabb f   Ccslmain.obj
 0001:00029c0d       _SPACE@16                  0042ac0d f   Ccslmain.obj
 0001:00029c0d       _SPACE                     0042ac0d f   Ccslmain.obj
 0001:0002ca42       _SPGNAM                    0042da42 f   Ccslmain.obj
 0001:0002ca42       _SPGNAM@12                 0042da42 f   Ccslmain.obj
 0001:0002cb59       _SUBSYM@4                  0042db59 f   Ccslmain.obj
 0001:0002cb59       _SUBSYM                    0042db59 f   Ccslmain.obj
 0001:0002d2a8       _SYMBAK                    0042e2a8 f   Ccslmain.obj
 0001:0002d2a8       _SYMBAK@0                  0042e2a8 f   Ccslmain.obj
 0001:0002d3cc       _SYMCEN                    0042e3cc f   Ccslmain.obj
 0001:0002d3cc       _SYMCEN@4                  0042e3cc f   Ccslmain.obj
 0001:0002d6a6       _SYMFRI@0                  0042e6a6 f   Ccslmain.obj
 0001:0002d6a6       _SYMFRI                    0042e6a6 f   Ccslmain.obj
 0001:0002d764       _SYMGEN                    0042e764 f   Ccslmain.obj
 0001:0002d764       _SYMGEN@0                  0042e764 f   Ccslmain.obj
 0001:0002ddf2       _SYMOP@0                   0042edf2 f   Ccslmain.obj
 0001:0002ddf2       _SYMOP                     0042edf2 f   Ccslmain.obj
 0001:0002e41a       _SYMREF@16                 0042f41a f   Ccslmain.obj
 0001:0002e41a       _SYMREF                    0042f41a f   Ccslmain.obj
 0001:0002e591       _SYMTID                    0042f591 f   Ccslmain.obj
 0001:0002e591       _SYMTID@4                  0042f591 f   Ccslmain.obj
 0001:0002e987       _SYMUNI@0                  0042f987 f   Ccslmain.obj
 0001:0002e987       _SYMUNI                    0042f987 f   Ccslmain.obj
 0001:0002f301       _TBLFND                    00430301 f   Ccslmain.obj
 0001:0002f301       _TBLFND@32                 00430301 f   Ccslmain.obj
 0001:0002f663       _TESTOV                    00430663 f   Ccslmain.obj
 0001:0002f663       _TESTOV@8                  00430663 f   Ccslmain.obj
 0001:0002f687       _TRYUNI                    00430687 f   Ccslmain.obj
 0001:0002f687       _TRYUNI@4                  00430687 f   Ccslmain.obj
 0001:0002fe1d       _UNITID                    00430e1d f   Ccslmain.obj
 0001:0002fe1d       _UNITID@0                  00430e1d f   Ccslmain.obj
 0001:00030018       _UPONE                     00431018 f   Ccslmain.obj
 0001:00030018       _UPONE@12                  00431018 f   Ccslmain.obj
 0001:000300b3       _UPPER                     004310b3 f   Ccslmain.obj
 0001:000300b3       _UPPER@8                   004310b3 f   Ccslmain.obj
 0001:0003010d       _VARMAK                    0043110d f   Ccslmain.obj
 0001:0003010d       _VARMAK@12                 0043110d f   Ccslmain.obj
 0001:000319fb       _VCTMOD                    004329fb f   Ccslmain.obj
 0001:000319fb       _VCTMOD@12                 004329fb f   Ccslmain.obj
 0001:00031a9f       _VOCAB                     00432a9f f   Ccslmain.obj
 0001:00031a9f       _VOCAB@16                  00432a9f f   Ccslmain.obj
 0001:00031b88       _WGHTLS@8                  00432b88 f   Ccslmain.obj
 0001:00031b88       _WGHTLS                    00432b88 f   Ccslmain.obj
 0001:00031e13       _XROOT@20                  00432e13 f   Ccslmain.obj
 0001:00031e13       _XROOT                     00432e13 f   Ccslmain.obj
 0001:00032083       _XTRANS@20                 00433083 f   Ccslmain.obj
 0001:00032083       _XTRANS                    00433083 f   Ccslmain.obj
 0001:00032157       _BMBOUT                    00433157 f   Ccslmain.obj
 0001:00032157       _BMBOUT@0                  00433157 f   Ccslmain.obj
 0001:00032168       _OPENCHISQPLOTWINDOW@0     00433168 f   Chi_sq_plot.obj
 0001:00032168       _OPENCHISQPLOTWINDOW       00433168 f   Chi_sq_plot.obj
 0001:00032293       _CHISQPLOT_ENDOFSARUN      00433293 f   Chi_sq_plot.obj
 0001:00032293       _CHISQPLOT_ENDOFSARUN@0    00433293 f   Chi_sq_plot.obj
 0001:00032372       _CHISQPLOT_UPDATEITERANDCHIPROBEST@4 00433372 f   Chi_sq_plot.obj
 0001:00032372       _CHISQPLOT_UPDATEITERANDCHIPROBEST 00433372 f   Chi_sq_plot.obj
 0001:0003248d       _PLOTTING_CHI_SQD@0        0043348d f   Chi_sq_plot.obj
 0001:0003248d       _PLOTTING_CHI_SQD          0043348d f   Chi_sq_plot.obj
 0001:00032a6b       _DEALWITHCHISQDPLOT        00433a6b f   Chi_sq_plot.obj
 0001:00032a6b       _DEALWITHCHISQDPLOT@0      00433a6b f   Chi_sq_plot.obj
 0001:00032b3e       _CLOSE_CHISQ_PLOT          00433b3e f   Chi_sq_plot.obj
 0001:00032b3e       _CLOSE_CHISQ_PLOT@0        00433b3e f   Chi_sq_plot.obj
 0001:00032c1a       _ZOOMCHISQDPLOT@0          00433c1a f   Chi_sq_plot.obj
 0001:00032c1a       _ZOOMCHISQDPLOT            00433c1a f   Chi_sq_plot.obj
 0001:0003307b       _OUTPUTCHI2VSMOVES         0043407b f   Chi_sq_plot.obj
 0001:0003307b       _OUTPUTCHI2VSMOVES@0       0043407b f   Chi_sq_plot.obj
 0001:00033250       _CREATE_FOB                00434250 f   create_fob.obj
 0001:00033250       _CREATE_FOB@4              00434250 f   create_fob.obj
 0001:00033553       _CREATEFOBITF              00434553 f   create_fob.obj
 0001:00033553       _CREATEFOBITF@0            00434553 f   create_fob.obj
 0001:0003383d       _ASCFAC                    0043483d f   create_fob.obj
 0001:0003383d       _ASCFAC@8                  0043483d f   create_fob.obj
 0001:00033901       _CREATE_ATOMICWEIGHTINGS   00434901 f   create_fob.obj
 0001:00033901       _CREATE_ATOMICWEIGHTINGS@4 00434901 f   create_fob.obj
 0001:00033948       _ZMCREATE_ATOMICWEIGHTINGS@8 00434948 f   create_fob.obj
 0001:00033948       _ZMCREATE_ATOMICWEIGHTINGS 00434948 f   create_fob.obj
 0001:00033b54       _NUMOFBONDEDHYDROGENS@8    00434b54 f   create_fob.obj
 0001:00033b54       _NUMOFBONDEDHYDROGENS      00434b54 f   create_fob.obj
 0001:00033c00       _FOOLCOMPILER              00434c00 f   Declarations.obj
 0001:00033c00       _FOOLCOMPILER@0            00434c00 f   Declarations.obj
 0001:00033c08       _UPLOAD_RANGE              00434c08 f   Dialog_Routines.obj
 0001:00033c08       _UPLOAD_RANGE@0            00434c08 f   Dialog_Routines.obj
 0001:000340b0       _MODHKL2                   004350b0 f   DICVO2.obj
 0001:000340b0       _MODHKL2@76                004350b0 f   DICVO2.obj
 0001:000350ed       _CUBIQU                    004360ed f   DICVO2.obj
 0001:000350ed       _CUBIQU@4                  004360ed f   DICVO2.obj
 0001:00035c18       _CUDHKL@8                  00436c18 f   DICVO2.obj
 0001:00035c18       _CUDHKL                    00436c18 f   DICVO2.obj
 0001:00036044       _CUDHKL1                   00437044 f   DICVO2.obj
 0001:00036044       _CUDHKL1@12                00437044 f   DICVO2.obj
 0001:000362a4       _TETHEX@8                  004372a4 f   DICVO2.obj
 0001:000362a4       _TETHEX                    004372a4 f   DICVO2.obj
 0001:00037706       _TEDHKL                    00438706 f   DICVO2.obj
 0001:00037706       _TEDHKL@20                 00438706 f   DICVO2.obj
 0001:00037c88       _TEDHKL1@24                00438c88 f   DICVO2.obj
 0001:00037c88       _TEDHKL1                   00438c88 f   DICVO2.obj
 0001:00037f22       _ORTHOR@12                 00438f22 f   DICVO2.obj
 0001:00037f22       _ORTHOR                    00438f22 f   DICVO2.obj
 0001:00039c34       _ORDHKL@24                 0043ac34 f   DICVO2.obj
 0001:00039c34       _ORDHKL                    0043ac34 f   DICVO2.obj
 0001:0003a113       _ORDHKL1@28                0043b113 f   DICVO2.obj
 0001:0003a113       _ORDHKL1                   0043b113 f   DICVO2.obj
 0001:0003a3ae       _MONOC1@12                 0043b3ae f   DICVO2.obj
 0001:0003a3ae       _MONOC1                    0043b3ae f   DICVO2.obj
 0001:0003dfa6       _MODHKL@72                 0043efa6 f   DICVO2.obj
 0001:0003dfa6       _MODHKL                    0043efa6 f   DICVO2.obj
 0001:0003f330       _TRICLINI1                 00440330 f   DICVO3.obj
 0001:0003f330       _TRICLINI1@8               00440330 f   DICVO3.obj
 0001:00042a98       _TRICLINI2                 00443a98 f   DICVO4.obj
 0001:00042a98       _TRICLINI2@0               00443a98 f   DICVO4.obj
 0001:000475e8       _TRICLINI3                 004485e8 f   DICVO5.obj
 0001:000475e8       _TRICLINI3@0               004485e8 f   DICVO5.obj
 0001:0004b918       _TRIHKL@48                 0044c918 f   DICVO6.obj
 0001:0004b918       _TRIHKL                    0044c918 f   DICVO6.obj
 0001:0004c4c2       _TRIHKLB                   0044d4c2 f   DICVO6.obj
 0001:0004c4c2       _TRIHKLB@48                0044d4c2 f   DICVO6.obj
 0001:0004cf38       _TRIHKL1@52                0044df38 f   DICVO6.obj
 0001:0004cf38       _TRIHKL1                   0044df38 f   DICVO6.obj
 0001:0004d31b       _VOLUME@48                 0044e31b f   DICVO6.obj
 0001:0004d31b       _VOLUME                    0044e31b f   DICVO6.obj
 0001:0004e292       _RELSPE@0                  0044f292 f   DICVO6.obj
 0001:0004e292       _RELSPE                    0044f292 f   DICVO6.obj
 0001:0004e790       _AFFPAR@12                 0044f790 f   DICVO7.obj
 0001:0004e790       _AFFPAR                    0044f790 f   DICVO7.obj
 0001:00054986       _PASAJE                    00455986 f   DICVO7.obj
 0001:00054986       _PASAJE@4                  00455986 f   DICVO7.obj
 0001:00054bf8       _DICVOL91@44               00455bf8 f   DICVOL91.obj
 0001:00054bf8       _DICVOL91                  00455bf8 f   DICVOL91.obj
 0001:000576d0       _CHKMAXREF                 004586d0 f   error_message.obj
 0001:000576d0       _CHKMAXREF@0               004586d0 f   error_message.obj
 0001:00057ae0       _MAKEFRAC@4                00458ae0 f   Eval.obj
 0001:00057ae0       _MAKEFRAC                  00458ae0 f   Eval.obj
 0001:000582b9       _QUATERNION2MATRIX@8       004592b9 f   Eval.obj
 0001:000582b9       _QUATERNION2MATRIX         004592b9 f   Eval.obj
 0001:000583a0       _DO_ATOM_POS@16            004593a0 f   Eval.obj
 0001:000583a0       _DO_ATOM_POS               004593a0 f   Eval.obj
 0001:00058420       _FCN@12                    00459420 f   Fcn.obj
 0001:00058420       _FCN                       00459420 f   Fcn.obj
 0001:00058458       _FFCALC_001@4              00459458 f   Ffcalc.obj
 0001:00058458       _FFCALC_001                00459458 f   Ffcalc.obj
 0001:00058726       _FFCALC_002                00459726 f   Ffcalc.obj
 0001:00058726       _FFCALC_002@4              00459726 f   Ffcalc.obj
 0001:0005897c       _FFCALC_039@4              0045997c f   Ffcalc.obj
 0001:0005897c       _FFCALC_039                0045997c f   Ffcalc.obj
 0001:00058d30       _FFCALC_040@4              00459d30 f   Ffcalc.obj
 0001:00058d30       _FFCALC_040                00459d30 f   Ffcalc.obj
 0001:00058f09       _FFCALC_044                00459f09 f   Ffcalc.obj
 0001:00058f09       _FFCALC_044@4              00459f09 f   Ffcalc.obj
 0001:0005934f       _FFCALC_050                0045a34f f   Ffcalc.obj
 0001:0005934f       _FFCALC_050@4              0045a34f f   Ffcalc.obj
 0001:00059795       _FFCALC_052@4              0045a795 f   Ffcalc.obj
 0001:00059795       _FFCALC_052                0045a795 f   Ffcalc.obj
 0001:00059bdb       _FFCALC_057@4              0045abdb f   Ffcalc.obj
 0001:00059bdb       _FFCALC_057                0045abdb f   Ffcalc.obj
 0001:00059ef1       _FFCALC_058                0045aef1 f   Ffcalc.obj
 0001:00059ef1       _FFCALC_058@4              0045aef1 f   Ffcalc.obj
 0001:0005a064       _FFCALC_061@4              0045b064 f   Ffcalc.obj
 0001:0005a064       _FFCALC_061                0045b064 f   Ffcalc.obj
 0001:0005a37a       _FFCALC_062@4              0045b37a f   Ffcalc.obj
 0001:0005a37a       _FFCALC_062                0045b37a f   Ffcalc.obj
 0001:0005a690       _FFCALC_064                0045b690 f   Ffcalc.obj
 0001:0005a690       _FFCALC_064@4              0045b690 f   Ffcalc.obj
 0001:0005a9a6       _FFCALC_065                0045b9a6 f   Ffcalc.obj
 0001:0005a9a6       _FFCALC_065@4              0045b9a6 f   Ffcalc.obj
 0001:0005acbc       _FFCALC_066@4              0045bcbc f   Ffcalc.obj
 0001:0005acbc       _FFCALC_066                0045bcbc f   Ffcalc.obj
 0001:0005afd2       _FFCALC_067@4              0045bfd2 f   Ffcalc.obj
 0001:0005afd2       _FFCALC_067                0045bfd2 f   Ffcalc.obj
 0001:0005b2e8       _FFCALC_069                0045c2e8 f   Ffcalc.obj
 0001:0005b2e8       _FFCALC_069@4              0045c2e8 f   Ffcalc.obj
 0001:0005b5fe       _FFCALC_112@4              0045c5fe f   Ffcalc.obj
 0001:0005b5fe       _FFCALC_112                0045c5fe f   Ffcalc.obj
 0001:0005b970       _FFCALC_115@4              0045c970 f   Ffcalc.obj
 0001:0005b970       _FFCALC_115                0045c970 f   Ffcalc.obj
 0001:0005bffc       _FFCALC_116                0045cffc f   Ffcalc.obj
 0001:0005bffc       _FFCALC_116@4              0045cffc f   Ffcalc.obj
 0001:0005c36e       _FFCALC_143@4              0045d36e f   Ffcalc.obj
 0001:0005c36e       _FFCALC_143                0045d36e f   Ffcalc.obj
 0001:0005c982       _FFCALC_164@4              0045d982 f   Ffcalc.obj
 0001:0005c982       _FFCALC_164                0045d982 f   Ffcalc.obj
 0001:0005cf96       _FFCALC_176@4              0045df96 f   Ffcalc.obj
 0001:0005cf96       _FFCALC_176                0045df96 f   Ffcalc.obj
 0001:0005d2d2       _FFCALC_212@4              0045e2d2 f   Ffcalc.obj
 0001:0005d2d2       _FFCALC_212                0045e2d2 f   Ffcalc.obj
 0001:0005db4e       _FFCALC_266@4              0045eb4e f   Ffcalc.obj
 0001:0005db4e       _FFCALC_266                0045eb4e f   Ffcalc.obj
 0001:0005e023       _FFCALC_269                0045f023 f   Ffcalc.obj
 0001:0005e023       _FFCALC_269@4              0045f023 f   Ffcalc.obj
 0001:0005e4f8       _FFCALC_284                0045f4f8 f   Ffcalc.obj
 0001:0005e4f8       _FFCALC_284@4              0045f4f8 f   Ffcalc.obj
 0001:0005e9cd       _FFCALC_290@4              0045f9cd f   Ffcalc.obj
 0001:0005e9cd       _FFCALC_290                0045f9cd f   Ffcalc.obj
 0001:0005eea2       _FFCALC_292                0045fea2 f   Ffcalc.obj
 0001:0005eea2       _FFCALC_292@4              0045fea2 f   Ffcalc.obj
 0001:0005f377       _FFCALC_298@4              00460377 f   Ffcalc.obj
 0001:0005f377       _FFCALC_298                00460377 f   Ffcalc.obj
 0001:0005f5ff       _FFCALC_304@4              004605ff f   Ffcalc.obj
 0001:0005f5ff       _FFCALC_304                004605ff f   Ffcalc.obj
 0001:0005f887       _FFCALC_356                00460887 f   Ffcalc.obj
 0001:0005f887       _FFCALC_356@4              00460887 f   Ffcalc.obj
 0001:0005face       _FFCALC_360                00460ace f   Ffcalc.obj
 0001:0005face       _FFCALC_360@4              00460ace f   Ffcalc.obj
 0001:000602f3       _FFCALC_362                004612f3 f   Ffcalc.obj
 0001:000602f3       _FFCALC_362@4              004612f3 f   Ffcalc.obj
 0001:0006130b       _FFCALC_365@4              0046230b f   Ffcalc.obj
 0001:0006130b       _FFCALC_365                0046230b f   Ffcalc.obj
 0001:00062263       _FFCALC_369                00463263 f   Ffcalc.obj
 0001:00062263       _FFCALC_369@4              00463263 f   Ffcalc.obj
 0001:00062c03       _FFCALC_391@4              00463c03 f   Ffcalc.obj
 0001:00062c03       _FFCALC_391                00463c03 f   Ffcalc.obj
 0001:00062fe1       _FFCALC_430@4              00463fe1 f   Ffcalc.obj
 0001:00062fe1       _FFCALC_430                00463fe1 f   Ffcalc.obj
 0001:000633a3       _FFCALC_431@4              004643a3 f   Ffcalc.obj
 0001:000633a3       _FFCALC_431                004643a3 f   Ffcalc.obj
 0001:000636bf       _FFCALC_432                004646bf f   Ffcalc.obj
 0001:000636bf       _FFCALC_432@4              004646bf f   Ffcalc.obj
 0001:000639db       _FFCALC_433@4              004649db f   Ffcalc.obj
 0001:000639db       _FFCALC_433                004649db f   Ffcalc.obj
 0001:00063d9d       _FFCALC_434@4              00464d9d f   Ffcalc.obj
 0001:00063d9d       _FFCALC_434                00464d9d f   Ffcalc.obj
 0001:00064197       _FFCALC_435                00465197 f   Ffcalc.obj
 0001:00064197       _FFCALC_435@4              00465197 f   Ffcalc.obj
 0001:00064591       _FFCALC_449@4              00465591 f   Ffcalc.obj
 0001:00064591       _FFCALC_449                00465591 f   Ffcalc.obj
 0001:00064a77       _FFCALC_451@4              00465a77 f   Ffcalc.obj
 0001:00064a77       _FFCALC_451                00465a77 f   Ffcalc.obj
 0001:00064f65       _FFCALC_462@4              00465f65 f   Ffcalc.obj
 0001:00064f65       _FFCALC_462                00465f65 f   Ffcalc.obj
 0001:000651c5       _FFCALC_468@4              004661c5 f   Ffcalc.obj
 0001:000651c5       _FFCALC_468                004661c5 f   Ffcalc.obj
 0001:0006551e       _FFCALC_469                0046651e f   Ffcalc.obj
 0001:0006551e       _FFCALC_469@4              0046651e f   Ffcalc.obj
 0001:000657a3       _FFCALC_471@4              004667a3 f   Ffcalc.obj
 0001:000657a3       _FFCALC_471                004667a3 f   Ffcalc.obj
 0001:00065b01       _FFCALC_481@4              00466b01 f   Ffcalc.obj
 0001:00065b01       _FFCALC_481                00466b01 f   Ffcalc.obj
 0001:00065f46       _FFCALC_483                00466f46 f   Ffcalc.obj
 0001:00065f46       _FFCALC_483@4              00466f46 f   Ffcalc.obj
 0001:0006639d       _FFCALC_485                0046739d f   Ffcalc.obj
 0001:0006639d       _FFCALC_485@4              0046739d f   Ffcalc.obj
 0001:000666a8       _FFCALC_DEFAULT            004676a8 f   Ffcalc.obj
 0001:000666a8       _FFCALC_DEFAULT@4          004676a8 f   Ffcalc.obj
 0001:00066ef1       _CALCOSARX                 00467ef1 f   Ffcalc.obj
 0001:00066ef1       _CALCOSARX@0               00467ef1 f   Ffcalc.obj
 0001:00067878       _FORTIC                    00468878 f   Fortic.obj
 0001:00067878       _FORTIC@36                 00468878 f   Fortic.obj
 0001:0006790f       _MAKRHM                    0046890f f   Fortic.obj
 0001:0006790f       _MAKRHM@0                  0046890f f   Fortic.obj
 0001:00067a10       _FORTY@40                  00468a10 f   forty.obj
 0001:00067a10       _FORTY                     00468a10 f   forty.obj
 0001:000685c4       _PFCN03@4                  004695c4 f   forty.obj
 0001:000685c4       _PFCN03                    004695c4 f   forty.obj
 0001:0006ad91       _FCSUB3                    0046bd91 f   forty.obj
 0001:0006ad91       _FCSUB3@4                  0046bd91 f   forty.obj
 0001:0006b9f0       _MAJUST                    0046c9f0 f   Fou.obj
 0001:0006b9f0       _MAJUST@0                  0046c9f0 f   Fou.obj
 0001:0006c110       _FRAC2PDB@28               0046d110 f   Frac2cart.obj
 0001:0006c110       _FRAC2PDB                  0046d110 f   Frac2cart.obj
 0001:0006c1f0       _CALCULATE_FWHM            0046d1f0 f   FWHM.obj
 0001:0006c1f0       _CALCULATE_FWHM@8          0046d1f0 f   FWHM.obj
 0001:0006c2df       _PEAKTOP                   0046d2df f   FWHM.obj
 0001:0006c2df       _PEAKTOP@20                0046d2df f   FWHM.obj
 0001:0006c54d       _HALF_WIDTH@12             0046d54d f   FWHM.obj
 0001:0006c54d       _HALF_WIDTH                0046d54d f   FWHM.obj
 0001:0006c708       _GENERATE_TICMARKS         0046d708 f   Generate_TicMarks.obj
 0001:0006c708       _GENERATE_TICMARKS@0       0046d708 f   Generate_TicMarks.obj
 0001:0006cc85       _GENERATE_TICMARKS_CCSLCODE 0046dc85 f   Generate_TicMarks.obj
 0001:0006cc85       _GENERATE_TICMARKS_CCSLCODE@0 0046dc85 f   Generate_TicMarks.obj
 0001:0006cd4b       _CHECK_TICMARK_DATA@0      0046dd4b f   Generate_TicMarks.obj
 0001:0006cd4b       _CHECK_TICMARK_DATA        0046dd4b f   Generate_TicMarks.obj
 0001:0006cd70       _GET_LOGREF                0046dd70 f   get_logref.obj
 0001:0006cd70       _GET_LOGREF@0              0046dd70 f   get_logref.obj
 0001:00070680       _CLEAR_BINS                00471680 f   Init_Routines.obj
 0001:00070680       _CLEAR_BINS@0              00471680 f   Init_Routines.obj
 0001:0007068b       _UPDATE_SOLUTIONS          0047168b f   Init_Routines.obj
 0001:0007068b       _UPDATE_SOLUTIONS@0        0047168b f   Init_Routines.obj
 0001:00070a78       _CLEAR_PO@0                00471a78 f   Init_Routines.obj
 0001:00070a78       _CLEAR_PO                  00471a78 f   Init_Routines.obj
 0001:00070ab0       _UPDATE_PO                 00471ab0 f   Init_Routines.obj
 0001:00070ab0       _UPDATE_PO@0               00471ab0 f   Init_Routines.obj
 0001:00070bc7       _CLEAR_PEAKFITRANGES       00471bc7 f   Init_Routines.obj
 0001:00070bc7       _CLEAR_PEAKFITRANGES@0     00471bc7 f   Init_Routines.obj
 0001:00070c43       _CLEAR_BACKGROUND@0        00471c43 f   Init_Routines.obj
 0001:00070c43       _CLEAR_BACKGROUND          00471c43 f   Init_Routines.obj
 0001:00070d47       _CLEAR_UNITCELL_WITHCONFIRMATION@0 00471d47 f   Init_Routines.obj
 0001:00070d47       _CLEAR_UNITCELL_WITHCONFIRMATION 00471d47 f   Init_Routines.obj
 0001:00070dd8       _CLEAR_UNITCELL            00471dd8 f   Init_Routines.obj
 0001:00070dd8       _CLEAR_UNITCELL@0          00471dd8 f   Init_Routines.obj
 0001:00070e51       _CLEAR_ZMATRICES           00471e51 f   Init_Routines.obj
 0001:00070e51       _CLEAR_ZMATRICES@0         00471e51 f   Init_Routines.obj
 0001:00070e65       _CLEAR_SA@0                00471e65 f   Init_Routines.obj
 0001:00070e65       _CLEAR_SA                  00471e65 f   Init_Routines.obj
 0001:00070e9c       _UPDATE_TRUNCATIONLIMITS@0 00471e9c f   Init_Routines.obj
 0001:00070e9c       _UPDATE_TRUNCATIONLIMITS   00471e9c f   Init_Routines.obj
 0001:00070fc0       _GETINSTALLATIONDIRECTORY@0 00471fc0 f   Initialisation.obj
 0001:00070fc0       _GETINSTALLATIONDIRECTORY  00471fc0 f   Initialisation.obj
 0001:00071104       _INIT_STDOUT@0             00472104 f   Initialisation.obj
 0001:00071104       _INIT_STDOUT               00472104 f   Initialisation.obj
 0001:00071469       _POLYFITTER_UPLOADDIALOGUES@0 00472469 f   Initialisation.obj
 0001:00071469       _POLYFITTER_UPLOADDIALOGUES 00472469 f   Initialisation.obj
 0001:0007163e       _POLYFITTERINITIALISE@0    0047263e f   Initialisation.obj
 0001:0007163e       _POLYFITTERINITIALISE      0047263e f   Initialisation.obj
 0001:00071d25       _INITIALISEVARIABLES@0     00472d25 f   Initialisation.obj
 0001:00071d25       _INITIALISEVARIABLES       00472d25 f   Initialisation.obj
 0001:00072d5c       _WRITECONFIGURATIONFILE@0  00473d5c f   Initialisation.obj
 0001:00072d5c       _WRITECONFIGURATIONFILE    00473d5c f   Initialisation.obj
 0001:00073c88       _READCONFIGURATIONFILE     00474c88 f   Initialisation.obj
 0001:00073c88       _READCONFIGURATIONFILE@0   00474c88 f   Initialisation.obj
 0001:00075188       _WDIALOGFIELDSTATELOGICAL  00476188 f   Interface.obj
 0001:00075188       _WDIALOGFIELDSTATELOGICAL@8 00476188 f   Interface.obj
 0001:000751b5       _WDIALOGPUTCHECKBOXLOGICAL@8 004761b5 f   Interface.obj
 0001:000751b5       _WDIALOGPUTCHECKBOXLOGICAL 004761b5 f   Interface.obj
 0001:000751e2       _WDIALOGGETCHECKBOXLOGICAL 004761e2 f   Interface.obj
 0001:000751e2       _WDIALOGGETCHECKBOXLOGICAL@4 004761e2 f   Interface.obj
 0001:0007520a       _WDIALOGGETRADIOBUTTONINT  0047620a f   Interface.obj
 0001:0007520a       _WDIALOGGETRADIOBUTTONINT@4 0047620a f   Interface.obj
 0001:0007522a       _SCRUPDATEFILENAME         0047622a f   Interface.obj
 0001:0007522a       _SCRUPDATEFILENAME@0       0047622a f   Interface.obj
 0001:000752a7       _SCRUPDATEFILENAMESDIFILE  004762a7 f   Interface.obj
 0001:000752a7       _SCRUPDATEFILENAMESDIFILE@8 004762a7 f   Interface.obj
 0001:00075312       _WAVELENGTHOF@8            00476312 f   Interface.obj
 0001:00075312       _WAVELENGTHOF              00476312 f   Interface.obj
 0001:000753dc       _TWOTHETA2DSPACING         004763dc f   Interface.obj
 0001:000753dc       _TWOTHETA2DSPACING@4       004763dc f   Interface.obj
 0001:000754a1       _DSPACING2TWOTHETA@4       004764a1 f   Interface.obj
 0001:000754a1       _DSPACING2TWOTHETA         004764a1 f   Interface.obj
 0001:000755bc       _GET_HYDROGENTREATMENT@0   004765bc f   Interface.obj
 0001:000755bc       _GET_HYDROGENTREATMENT     004765bc f   Interface.obj
 0001:000755f8       _SET_HYDROGENTREATMENT@4   004765f8 f   Interface.obj
 0001:000755f8       _SET_HYDROGENTREATMENT     004765f8 f   Interface.obj
 0001:00075660       _GET_SHOWCUMCHISQD         00476660 f   Interface.obj
 0001:00075660       _GET_SHOWCUMCHISQD@0       00476660 f   Interface.obj
 0001:000756af       _GET_DIVIDEBYESD           004766af f   Interface.obj
 0001:000756af       _GET_DIVIDEBYESD@0         004766af f   Interface.obj
 0001:000756fe       _USEHYDROGENSDURINGAUTO    004766fe f   Interface.obj
 0001:000756fe       _USEHYDROGENSDURINGAUTO@0  004766fe f   Interface.obj
 0001:0007574d       _GET_USECRYSTALLOGRAPHICCOM@0 0047674d f   Interface.obj
 0001:0007574d       _GET_USECRYSTALLOGRAPHICCOM 0047674d f   Interface.obj
 0001:0007579c       _SET_USECRYSTALLOGRAPHICCOM@4 0047679c f   Interface.obj
 0001:0007579c       _SET_USECRYSTALLOGRAPHICCOM 0047679c f   Interface.obj
 0001:000757f0       _GET_OUTPUTCHI2VSMOVES     004767f0 f   Interface.obj
 0001:000757f0       _GET_OUTPUTCHI2VSMOVES@0   004767f0 f   Interface.obj
 0001:0007583f       _GET_AUTOLOCALMINIMISATION@0 0047683f f   Interface.obj
 0001:0007583f       _GET_AUTOLOCALMINIMISATION 0047683f f   Interface.obj
 0001:0007588e       _SET_AUTOLOCALMINIMISATION 0047688e f   Interface.obj
 0001:0007588e       _SET_AUTOLOCALMINIMISATION@4 0047688e f   Interface.obj
 0001:000758e2       _GET_AUTOALIGN             004768e2 f   Interface.obj
 0001:000758e2       _GET_AUTOALIGN@0           004768e2 f   Interface.obj
 0001:00075931       _SET_AUTOALIGN@4           00476931 f   Interface.obj
 0001:00075931       _SET_AUTOALIGN             00476931 f   Interface.obj
 0001:00075985       _GET_SAVEPRO@0             00476985 f   Interface.obj
 0001:00075985       _GET_SAVEPRO               00476985 f   Interface.obj
 0001:000759d4       _SET_SAVEPRO               004769d4 f   Interface.obj
 0001:000759d4       _SET_SAVEPRO@4             004769d4 f   Interface.obj
 0001:00075a28       _GET_COLOURFLEXIBLETORSIONS@0 00476a28 f   Interface.obj
 0001:00075a28       _GET_COLOURFLEXIBLETORSIONS 00476a28 f   Interface.obj
 0001:00075a77       _PLOTERRORBARS@0           00476a77 f   Interface.obj
 0001:00075a77       _PLOTERRORBARS             00476a77 f   Interface.obj
 0001:00075ac6       _PLOTBACKGROUND@0          00476ac6 f   Interface.obj
 0001:00075ac6       _PLOTBACKGROUND            00476ac6 f   Interface.obj
 0001:00075b15       _CONNECTPOINTSOBS          00476b15 f   Interface.obj
 0001:00075b15       _CONNECTPOINTSOBS@0        00476b15 f   Interface.obj
 0001:00075b64       _PLOTPEAKFITDIFFERENCEPROFILE@0 00476b64 f   Interface.obj
 0001:00075b64       _PLOTPEAKFITDIFFERENCEPROFILE 00476b64 f   Interface.obj
 0001:00075bb3       _SAVEPDB@0                 00476bb3 f   Interface.obj
 0001:00075bb3       _SAVEPDB                   00476bb3 f   Interface.obj
 0001:00075c02       _SAVECSSR@0                00476c02 f   Interface.obj
 0001:00075c02       _SAVECSSR                  00476c02 f   Interface.obj
 0001:00075c51       _SAVECCL                   00476c51 f   Interface.obj
 0001:00075c51       _SAVECCL@0                 00476c51 f   Interface.obj
 0001:00075ca0       _SAVECIF@0                 00476ca0 f   Interface.obj
 0001:00075ca0       _SAVECIF                   00476ca0 f   Interface.obj
 0001:00075cef       _SAVERES@0                 00476cef f   Interface.obj
 0001:00075cef       _SAVERES                   00476cef f   Interface.obj
 0001:00075d3e       _UPLOAD_ZEROPOINT          00476d3e f   Interface.obj
 0001:00075d3e       _UPLOAD_ZEROPOINT@0        00476d3e f   Interface.obj
 0001:00075e44       _UPLOAD_CELL_CONSTANTS@0   00476e44 f   Interface.obj
 0001:00075e44       _UPLOAD_CELL_CONSTANTS     00476e44 f   Interface.obj
 0001:000760b6       _DOWNLOAD_CELL_CONSTANTS@4 004770b6 f   Interface.obj
 0001:000760b6       _DOWNLOAD_CELL_CONSTANTS   004770b6 f   Interface.obj
 0001:00076153       _DOWNLOADWAVELENGTH@4      00477153 f   Interface.obj
 0001:00076153       _DOWNLOADWAVELENGTH        00477153 f   Interface.obj
 0001:00076199       _SET_WAVELENGTH            00477199 f   Interface.obj
 0001:00076199       _SET_WAVELENGTH@4          00477199 f   Interface.obj
 0001:000766b9       _SET_ANODEMATERIAL@4       004776b9 f   Interface.obj
 0001:000766b9       _SET_ANODEMATERIAL         004776b9 f   Interface.obj
 0001:00076731       _UPLOAD_WAVELENGTH         00477731 f   Interface.obj
 0001:00076731       _UPLOAD_WAVELENGTH@0       00477731 f   Interface.obj
 0001:00076986       _UPLOAD_POSITIONS@0        00477986 f   Interface.obj
 0001:00076986       _UPLOAD_POSITIONS          00477986 f   Interface.obj
 0001:000770e5       _UPLOAD_SOURCE             004780e5 f   Interface.obj
 0001:000770e5       _UPLOAD_SOURCE@0           004780e5 f   Interface.obj
 0001:000773b9       _UPDATECELL                004783b9 f   Interface.obj
 0001:000773b9       _UPDATECELL@0              004783b9 f   Interface.obj
 0001:00077505       _SGNRTABLE2MENU@4          00478505 f   Interface.obj
 0001:00077505       _SGNRTABLE2MENU            00478505 f   Interface.obj
 0001:00077520       _SGNRMENU2TABLE            00478520 f   Interface.obj
 0001:00077520       _SGNRMENU2TABLE@4          00478520 f   Interface.obj
 0001:0007753b       _SETSPACEGROUPMENU@0       0047853b f   Interface.obj
 0001:0007753b       _SETSPACEGROUPMENU         0047853b f   Interface.obj
 0001:000777e1       _DOWNLOAD_SPACEGROUP@4     004787e1 f   Interface.obj
 0001:000777e1       _DOWNLOAD_SPACEGROUP       004787e1 f   Interface.obj
 0001:000778aa       _UPLOAD_CRYSTALSYSTEM      004788aa f   Interface.obj
 0001:000778aa       _UPLOAD_CRYSTALSYSTEM@0    004788aa f   Interface.obj
 0001:00077b8d       _SETWAVELENGTHTOSELECTION@4 00478b8d f   Interface.obj
 0001:00077b8d       _SETWAVELENGTHTOSELECTION  00478b8d f   Interface.obj
 0001:00077c71       _FNWAVELENGTHOFMENUOPTION  00478c71 f   Interface.obj
 0001:00077c71       _FNWAVELENGTHOFMENUOPTION@4 00478c71 f   Interface.obj
 0001:00077d44       _GETCRYSTALSYSTEM@4        00478d44 f   Interface.obj
 0001:00077d44       _GETCRYSTALSYSTEM          00478d44 f   Interface.obj
 0001:00077db3       _SETMODEMENUSTATE          00478db3 f   Interface.obj
 0001:00077db3       _SETMODEMENUSTATE@8        00478db3 f   Interface.obj
 0001:00077e77       _SELECTMODE                00478e77 f   Interface.obj
 0001:00077e77       _SELECTMODE@4              00478e77 f   Interface.obj
 0001:00077f38       _CHECKLICENCE@0            00478f38 f   licensing.obj
 0001:00077f38       _CHECKLICENCE              00478f38 f   licensing.obj
 0001:00078256       _LICENCEPOPUP              00479256 f   licensing.obj
 0001:00078256       _LICENCEPOPUP@4            00479256 f   licensing.obj
 0001:0007857a       _DECIPHER                  0047957a f   licensing.obj
 0001:0007857a       _DECIPHER@8                0047957a f   licensing.obj
 0001:00078830       _DECODELICENCE             00479830 f   licensing.obj
 0001:00078830       _DECODELICENCE@12          00479830 f   licensing.obj
 0001:00078d22       _READLICENCEVALID          00479d22 f   licensing.obj
 0001:00078d22       _READLICENCEVALID@4        00479d22 f   licensing.obj
 0001:00078fc2       _WRITELICENCEFILE          00479fc2 f   licensing.obj
 0001:00078fc2       _WRITELICENCEFILE@8        00479fc2 f   licensing.obj
 0001:000797e8       _WRITELICENCEREQUESTFORM   0047a7e8 f   licensing.obj
 0001:000797e8       _WRITELICENCEREQUESTFORM@0 0047a7e8 f   licensing.obj
 0001:0007a75c       _GET_DISKSERIALNUMBER      0047b75c f   licensing.obj
 0001:0007a75c       _GET_DISKSERIALNUMBER@8    0047b75c f   licensing.obj
 0001:0007a7cd       _SHOWLICENCEAGREEMENT      0047b7cd f   licensing.obj
 0001:0007a7cd       _SHOWLICENCEAGREEMENT@4    0047b7cd f   licensing.obj
 0001:0007c030       _LOAD_RAW_FILE@12          0047d030 f   LoadRAWFiles.obj
 0001:0007c030       _LOAD_RAW_FILE             0047d030 f   LoadRAWFiles.obj
 0001:0007c6e7       _GETDATARANGESBRUKER       0047d6e7 f   LoadRAWFiles.obj
 0001:0007c6e7       _GETDATARANGESBRUKER@24    0047d6e7 f   LoadRAWFiles.obj
 0001:0007d426       _LOAD_RAWBRUKER_FILE       0047e426 f   LoadRAWFiles.obj
 0001:0007d426       _LOAD_RAWBRUKER_FILE@16    0047e426 f   LoadRAWFiles.obj
 0001:0007eb2b       _GETDATARANGESSTOE@20      0047fb2b f   LoadRAWFiles.obj
 0001:0007eb2b       _GETDATARANGESSTOE         0047fb2b f   LoadRAWFiles.obj
 0001:0007eea0       _LOAD_RAWSTOE_FILE@12      0047fea0 f   LoadRAWFiles.obj
 0001:0007eea0       _LOAD_RAWSTOE_FILE         0047fea0 f   LoadRAWFiles.obj
 0001:0007f3d0       _SDIFILEBROWSE@0           004803d0 f   LoadSDI.obj
 0001:0007f3d0       _SDIFILEBROWSE             004803d0 f   LoadSDI.obj
 0001:0007f46f       _SDIFILEOPEN@8             0048046f f   LoadSDI.obj
 0001:0007f46f       _SDIFILEOPEN               0048046f f   LoadSDI.obj
 0001:0007f925       _SDIFILELOAD@8             00480925 f   LoadSDI.obj
 0001:0007f925       _SDIFILELOAD               00480925 f   LoadSDI.obj
 0001:000800e9       _GETDSL                    004810e9 f   LoadSDI.obj
 0001:000800e9       _GETDSL@12                 004810e9 f   LoadSDI.obj
 0001:00080855       _GETTIC@8                  00481855 f   LoadSDI.obj
 0001:00080855       _GETTIC                    00481855 f   LoadSDI.obj
 0001:000809f4       _GETHCV@12                 004819f4 f   LoadSDI.obj
 0001:000809f4       _GETHCV                    004819f4 f   LoadSDI.obj
 0001:00080e41       _GETPIK@12                 00481e41 f   LoadSDI.obj
 0001:00080e41       _GETPIK                    00481e41 f   LoadSDI.obj
 0001:00081548       _GENMAG                    00482548 f   Mag.obj
 0001:00081548       _GENMAG@20                 00482548 f   Mag.obj
 0001:000816eb       _MAGABS@8                  004826eb f   Mag.obj
 0001:000816eb       _MAGABS                    004826eb f   Mag.obj
 0001:000817a6       _MAGCNC                    004827a6 f   Mag.obj
 0001:000817a6       _MAGCNC@0                  004827a6 f   Mag.obj
 0001:000818b3       _MAGCON@12                 004828b3 f   Mag.obj
 0001:000818b3       _MAGCON                    004828b3 f   Mag.obj
 0001:00082419       _MAGDOM                    00483419 f   Mag.obj
 0001:00082419       _MAGDOM@16                 00483419 f   Mag.obj
 0001:0008257c       _MAGSYM@4                  0048357c f   Mag.obj
 0001:0008257c       _MAGSYM                    0048357c f   Mag.obj
 0001:00082d71       _MELIN                     00483d71 f   Mag.obj
 0001:00082d71       _MELIN@8                   00483d71 f   Mag.obj
 0001:00082e4d       _NELIN@8                   00483e4d f   Mag.obj
 0001:00082e4d       _NELIN                     00483e4d f   Mag.obj
 0001:00082ecc       _ROTMAG@12                 00483ecc f   Mag.obj
 0001:00082ecc       _ROTMAG                    00483ecc f   Mag.obj
 0001:00082f7f       _MF5ADD                    00483f7f f   Mag.obj
 0001:00082f7f       _MF5ADD@16                 00483f7f f   Mag.obj
 0001:00083043       _PROPAG                    00484043 f   Mag.obj
 0001:00083043       _PROPAG@8                  00484043 f   Mag.obj
 0001:000834e7       _PROPER                    004844e7 f   Mag.obj
 0001:000834e7       _PROPER@4                  004844e7 f   Mag.obj
 0001:0008350c       _KSTAR                     0048450c f   Mag.obj
 0001:0008350c       _KSTAR@8                   0048450c f   Mag.obj
 0001:00083961       _PSICON@8                  00484961 f   Mag.obj
 0001:00083961       _PSICON                    00484961 f   Mag.obj
 0001:00083f36       _SETFCM                    00484f36 f   Mag.obj
 0001:00083f36       _SETFCM@4                  00484f36 f   Mag.obj
 0001:00083fd6       _SPHELI@8                  00484fd6 f   Mag.obj
 0001:00083fd6       _SPHELI                    00484fd6 f   Mag.obj
 0001:000842e7       _SPHPOL                    004852e7 f   Mag.obj
 0001:000842e7       _SPHPOL@16                 004852e7 f   Mag.obj
 0001:000843e8       _DEALWITHPLOTOPTIONSWINDOW@0 004853e8 f   Main_Field_Changed_Routines.obj
 0001:000843e8       _DEALWITHPLOTOPTIONSWINDOW 004853e8 f   Main_Field_Changed_Routines.obj
 0001:00084910       _DEALWITHCONFIGURATION     00485910 f   Main_Field_Changed_Routines.obj
 0001:00084910       _DEALWITHCONFIGURATION@0   00485910 f   Main_Field_Changed_Routines.obj
 0001:00084bc5       _DEALWITHSTRUCTURALINFORMATION@0 00485bc5 f   Main_Field_Changed_Routines.obj
 0001:00084bc5       _DEALWITHSTRUCTURALINFORMATION 00485bc5 f   Main_Field_Changed_Routines.obj
 0001:00084d46       _DEALWITHDIFFRACTIONSETUPPANE@0 00485d46 f   Main_Field_Changed_Routines.obj
 0001:00084d46       _DEALWITHDIFFRACTIONSETUPPANE 00485d46 f   Main_Field_Changed_Routines.obj
 0001:00084e55       _DEALWITHPEAKPOSITIONSPANE@0 00485e55 f   Main_Field_Changed_Routines.obj
 0001:00084e55       _DEALWITHPEAKPOSITIONSPANE 00485e55 f   Main_Field_Changed_Routines.obj
 0001:00084f22       _DEALWITHSASUMMARY@0       00485f22 f   Main_Field_Changed_Routines.obj
 0001:00084f22       _DEALWITHSASUMMARY         00485f22 f   Main_Field_Changed_Routines.obj
 0001:0008525d       _DEALWITHCRYSTALSYMMETRYPANE 0048625d f   Main_Field_Changed_Routines.obj
 0001:0008525d       _DEALWITHCRYSTALSYMMETRYPANE@0 0048625d f   Main_Field_Changed_Routines.obj
 0001:000855d6       _DEALWITHINDEXPREPARATION@0 004865d6 f   Main_Field_Changed_Routines.obj
 0001:000855d6       _DEALWITHINDEXPREPARATION  004865d6 f   Main_Field_Changed_Routines.obj
 0001:000856c6       _DEALWITHDVRESULTS         004866c6 f   Main_Field_Changed_Routines.obj
 0001:000856c6       _DEALWITHDVRESULTS@0       004866c6 f   Main_Field_Changed_Routines.obj
 0001:000857f6       _RUNDICVOL                 004867f6 f   Main_Field_Changed_Routines.obj
 0001:000857f6       _RUNDICVOL@0               004867f6 f   Main_Field_Changed_Routines.obj
 0001:000862af       _ADDDICVOLSOLUTION@32      004872af f   Main_Field_Changed_Routines.obj
 0001:000862af       _ADDDICVOLSOLUTION         004872af f   Main_Field_Changed_Routines.obj
 0001:0008638c       _ADDDICVOL_F@4             0048738c f   Main_Field_Changed_Routines.obj
 0001:0008638c       _ADDDICVOL_F               0048738c f   Main_Field_Changed_Routines.obj
 0001:000863ab       _ADDDICVOL_M@4             004873ab f   Main_Field_Changed_Routines.obj
 0001:000863ab       _ADDDICVOL_M               004873ab f   Main_Field_Changed_Routines.obj
 0001:000863d0       _SUBTRACTBACKGROUND@12     004873d0 f   MCBack.obj
 0001:000863d0       _SUBTRACTBACKGROUND        004873d0 f   MCBack.obj
 0001:000864b6       _BACKGROUND_FIT@0          004874b6 f   MCBack.obj
 0001:000864b6       _BACKGROUND_FIT            004874b6 f   MCBack.obj
[...]
 0001:001a37d0       _process_existing_lub      005a47d0 f   dfor:for_lub_mgt.obj
 0001:001a3a00       _release_lun               005a4a00 f   dfor:for_lub_mgt.obj
 0001:001a1e60       _for__tell                 005a2e60 f   dfor:for_nt_open_proc.obj
 0001:001a1eb0       _for__lseek                005a2eb0 f   dfor:for_nt_open_proc.obj
 0001:001a2a70       _for__prompt_user          005a3a70 f   dfor:for_nt_open_proc.obj
 0001:001a1e60       _for__tell                 005a2e60 f   dfor:for_nt_open_proc.obj
 0001:001a1eb0       _for__lseek                005a2eb0 f   dfor:for_nt_open_proc.obj
 0001:0019e3c0       _for__set_record_count     0059f3c0 f   dfor:for_wseq.obj
 0001:0019e700       _for__finish_direct_write  0059f700 f   dfor:for_wseq.obj
 0001:0019eae0       _for__write_from_user_buffer 0059fae0 f   dfor:for_wseq.obj
 0001:0019cbb0       _reentrancy_init           0059dbb0 f   dfor:for_reentrancy.obj
 0001:0019cbf0       _init_resource             0059dbf0 f   dfor:for_reentrancy.obj
 0001:0019cbf0       _init_resource_recurschk   0059dbf0 f   dfor:for_reentrancy.obj
 0001:0019cc00       _walk_resource_descs       0059dc00 f   dfor:for_reentrancy.obj
 0001:0019cc70       _reentrancy_cleanup        0059dc70 f   dfor:for_reentrancy.obj
 0001:0019cca0       _kill_resource             0059dca0 f   dfor:for_reentrancy.obj
 0001:0019cca0       _kill_resource_recurschk   0059dca0 f   dfor:for_reentrancy.obj
 0001:0019bba0       _build_args_from_cmdline   0059cba0 f   dfor:for_init.obj
 0001:0019bd50       _for__console_control_handler 0059cd50 f   dfor:for_init.obj
 0001:0019b9b0       _my_for_ran_single         0059c9b0 f   dfor:for_90_random.obj
 0001:0019ac00       _rs_find_field             0059bc00 f   dfor:for_rseq_lis.obj
 0001:0019af40       _rs_get_field              0059bf40 f   dfor:for_rseq_lis.obj
 0001:0019b3c0       _rs_cvt_2step              0059c3c0 f   dfor:for_rseq_lis.obj
 0001:0019b650       _rs_backtrack              0059c650 f   dfor:for_rseq_lis.obj
 0001:0019b7a0       _for__ignore_space         0059c7a0 f   dfor:for_rseq_lis.obj
 0001:00198510       _for__read_ufseq           00599510 f   dfor:for_rseq.obj
 0001:00196ee0       _wseq_complex              00597ee0 f   dfor:for_wseq_lis.obj
 0001:001a1eb0       _for__lseek                005a2eb0 f   dfor:for_nt_open_proc.obj
 0001:0018da70       _for__writed_from_user_buffer 0058ea70 f   dfor:for_wdir.obj
 0001:001a1eb0       _for__lseek                005a2eb0 f   dfor:for_nt_open_proc.obj
 0001:0018b100       _ri_find_field             0058c100 f   dfor:for_rint_lis.obj
 0001:0018b470       _ri_get_field              0058c470 f   dfor:for_rint_lis.obj
 0001:0018b900       _ri_cvt_2step              0058c900 f   dfor:for_rint_lis.obj
 0001:0019b650       _ri_backtrack              0059c650 f   dfor:for_rseq_lis.obj
 0001:0018a3b0       _getclock                  0058b3b0 f   dfor:for_90_date.obj
 0001:001cd1cc       _issnanf                   005ce1cc f   libc:xmmi_fp_emul.obj
 0001:001cd1ed       _isnanf                    005ce1ed f   libc:xmmi_fp_emul.obj
 0001:001cd20d       _quietf                    005ce20d f   libc:xmmi_fp_emul.obj
 0001:001cd217       _isdenormalf               005ce217 f   libc:xmmi_fp_emul.obj
 0001:001cd231       _Fill_FPIEEE_RECORD        005ce231 f   libc:xmmi_fp_emul.obj
 0001:001cc3c9       _iszerod                   005cd3c9 f   libc:xmmi2_fp_emul.obj
 0001:001cc3e1       _isinfd                    005cd3e1 f   libc:xmmi2_fp_emul.obj
 0001:001cc3ff       _issnand                   005cd3ff f   libc:xmmi2_fp_emul.obj
 0001:001cc427       _isnand                    005cd427 f   libc:xmmi2_fp_emul.obj
 0001:001cc44e       _quietd                    005cd44e f   libc:xmmi2_fp_emul.obj
 0001:001cc458       _isdenormald               005cd458 f   libc:xmmi2_fp_emul.obj
 0001:001cd231       _Fill_FPIEEE_RECORD        005ce231 f   libc:xmmi_fp_emul.obj
 0001:001caad1       _ax0                       005cbad1 f   libc:filter_simd.obj
 0001:001caae4       _ax8                       005cbae4 f   libc:filter_simd.obj
 0001:001cab01       _ax32                      005cbb01 f   libc:filter_simd.obj
 0001:001cab1b       _cx0                       005cbb1b f   libc:filter_simd.obj
 0001:001cab2e       _cx8                       005cbb2e f   libc:filter_simd.obj
 0001:001cab4b       _cx32                      005cbb4b f   libc:filter_simd.obj
 0001:001cab65       _dx0                       005cbb65 f   libc:filter_simd.obj
 0001:001cab78       _dx8                       005cbb78 f   libc:filter_simd.obj
 0001:001cab95       _dx32                      005cbb95 f   libc:filter_simd.obj
 0001:001cabaf       _bx0                       005cbbaf f   libc:filter_simd.obj
 0001:001cabc2       _bx8                       005cbbc2 f   libc:filter_simd.obj
 0001:001cabdf       _bx32                      005cbbdf f   libc:filter_simd.obj
 0001:001cabf9       _sib0                      005cbbf9 f   libc:filter_simd.obj
 0001:001cad3f       _sib8                      005cbd3f f   libc:filter_simd.obj
 0001:001cae7e       _sib32                     005cbe7e f   libc:filter_simd.obj
 0001:001cafb7       _d32                       005cbfb7 f   libc:filter_simd.obj
 0001:001cafc7       _bp8                       005cbfc7 f   libc:filter_simd.obj
 0001:001cafe4       _bp32                      005cbfe4 f   libc:filter_simd.obj
 0001:001caffe       _si0                       005cbffe f   libc:filter_simd.obj
 0001:001cb011       _si8                       005cc011 f   libc:filter_simd.obj
 0001:001cb02e       _si32                      005cc02e f   libc:filter_simd.obj
 0001:001cb048       _di0                       005cc048 f   libc:filter_simd.obj
 0001:001cb05b       _di8                       005cc05b f   libc:filter_simd.obj
 0001:001cb078       _di32                      005cc078 f   libc:filter_simd.obj
 0001:001cb092       _reg                       005cc092 f   libc:filter_simd.obj
 0001:001c7203       _strncnt                   005c8203 f   libc:a_cmp.obj
 0001:001c6c50       LeadUp1                    005c7c50 f   libc:memmove.obj
 0001:001c6c7c       LeadUp2                    005c7c7c f   libc:memmove.obj
 0001:001c6ca0       LeadUp3                    005c7ca0 f   libc:memmove.obj
 0001:001c6d1f       UnwindUp0                  005c7d1f f   libc:memmove.obj
 0001:001c6d0c       UnwindUp1                  005c7d0c f   libc:memmove.obj
 0001:001c6d04       UnwindUp2                  005c7d04 f   libc:memmove.obj
 0001:001c6cfc       UnwindUp3                  005c7cfc f   libc:memmove.obj
 0001:001c6cf4       UnwindUp4                  005c7cf4 f   libc:memmove.obj
 0001:001c6cec       UnwindUp5                  005c7cec f   libc:memmove.obj
 0001:001c6ce4       UnwindUp6                  005c7ce4 f   libc:memmove.obj
 0001:001c6cdc       UnwindUp7                  005c7cdc f   libc:memmove.obj
 0001:001c6d38       TrailUp0                   005c7d38 f   libc:memmove.obj
 0001:001c6d40       TrailUp1                   005c7d40 f   libc:memmove.obj
 0001:001c6d4c       TrailUp2                   005c7d4c f   libc:memmove.obj
 0001:001c6d60       TrailUp3                   005c7d60 f   libc:memmove.obj
 0001:001c6dd8       LeadDown1                  005c7dd8 f   libc:memmove.obj
 0001:001c6df8       LeadDown2                  005c7df8 f   libc:memmove.obj
 0001:001c6e20       LeadDown3                  005c7e20 f   libc:memmove.obj
 0001:001c6e74       UnwindDown7                005c7e74 f   libc:memmove.obj
 0001:001c6e7c       UnwindDown6                005c7e7c f   libc:memmove.obj
 0001:001c6e84       UnwindDown5                005c7e84 f   libc:memmove.obj
 0001:001c6e8c       UnwindDown4                005c7e8c f   libc:memmove.obj
 0001:001c6e94       UnwindDown3                005c7e94 f   libc:memmove.obj
 0001:001c6e9c       UnwindDown2                005c7e9c f   libc:memmove.obj
 0001:001c6ea4       UnwindDown1                005c7ea4 f   libc:memmove.obj
 0001:001c6eb7       UnwindDown0                005c7eb7 f   libc:memmove.obj
 0001:001c6ed0       TrailDown0                 005c7ed0 f   libc:memmove.obj
 0001:001c6ed8       TrailDown1                 005c7ed8 f   libc:memmove.obj
 0001:001c6ee8       TrailDown2                 005c7ee8 f   libc:memmove.obj
 0001:001c6efc       TrailDown3                 005c7efc f   libc:memmove.obj
 0001:001c6348       _strtoxl                   005c7348 f   libc:strtol.obj
 0001:001c6300       _x_ismbbtype               005c7300 f   libc:ismbbyte.obj
 0001:001c6230       _findenv                   005c7230 f   libc:setenv.obj
 0001:001c6288       _copy_environ              005c7288 f   libc:setenv.obj
 0001:001c5ff0       __hextodec                 005c6ff0 f   libc:input.obj
 0001:001c6027       __inc                      005c7027 f   libc:input.obj
 0001:001c6041       __un_inc                   005c7041 f   libc:input.obj
 0001:001c6058       __whiteout                 005c7058 f   libc:input.obj
 0001:001c5121       _getSystemCP               005c6121 f   libc:mbctype.obj
 0001:001c516b       _CPtoLCID                  005c616b f   libc:mbctype.obj
 0001:001c519e       _setSBCS                   005c619e f   libc:mbctype.obj
 0001:001c51c7       _setSBUpLow                005c61c7 f   libc:mbctype.obj
 0001:001c4afa       _flsall                    005c5afa f   libc:fflush.obj
 0001:001c46af       _cvtdate                   005c56af f   libc:tzset.obj
 0001:001c33a4       label0                     005c43a4 f   libc:adj_fdiv.obj
 0001:001c33aa       label1                     005c43aa f   libc:adj_fdiv.obj
 0001:001c33af       label2                     005c43af f   libc:adj_fdiv.obj
 0001:001c33b5       label3                     005c43b5 f   libc:adj_fdiv.obj
 0001:001c33ba       label4                     005c43ba f   libc:adj_fdiv.obj
 0001:001c33c0       label5                     005c43c0 f   libc:adj_fdiv.obj
 0001:001c33c6       label6                     005c43c6 f   libc:adj_fdiv.obj
 0001:001c33cc       label7                     005c43cc f   libc:adj_fdiv.obj
 0001:001c33d2       label8                     005c43d2 f   libc:adj_fdiv.obj
 0001:001c33ee       label9                     005c43ee f   libc:adj_fdiv.obj
 0001:001c33f3       label10                    005c43f3 f   libc:adj_fdiv.obj
 0001:001c3409       label11                    005c4409 f   libc:adj_fdiv.obj
 0001:001c340e       label12                    005c440e f   libc:adj_fdiv.obj
 0001:001c342a       label13                    005c442a f   libc:adj_fdiv.obj
 0001:001c343a       label14                    005c443a f   libc:adj_fdiv.obj
 0001:001c344e       label15                    005c444e f   libc:adj_fdiv.obj
 0001:001c345e       label16                    005c445e f   libc:adj_fdiv.obj
 0001:001c347e       label17                    005c447e f   libc:adj_fdiv.obj
 0001:001c3483       label18                    005c4483 f   libc:adj_fdiv.obj
 0001:001c349d       label19                    005c449d f   libc:adj_fdiv.obj
 0001:001c34a2       label20                    005c44a2 f   libc:adj_fdiv.obj
 0001:001c34c2       label21                    005c44c2 f   libc:adj_fdiv.obj
 0001:001c34d6       label22                    005c44d6 f   libc:adj_fdiv.obj
 0001:001c34ee       label23                    005c44ee f   libc:adj_fdiv.obj
 0001:001c3502       label24                    005c4502 f   libc:adj_fdiv.obj
 0001:001c3522       label25                    005c4522 f   libc:adj_fdiv.obj
 0001:001c3527       label26                    005c4527 f   libc:adj_fdiv.obj
 0001:001c3541       label27                    005c4541 f   libc:adj_fdiv.obj
 0001:001c3546       label28                    005c4546 f   libc:adj_fdiv.obj
 0001:001c3566       label29                    005c4566 f   libc:adj_fdiv.obj
 0001:001c357a       label30                    005c457a f   libc:adj_fdiv.obj
 0001:001c3592       label31                    005c4592 f   libc:adj_fdiv.obj
 0001:001c35a6       label32                    005c45a6 f   libc:adj_fdiv.obj
 0001:001c35c6       label33                    005c45c6 f   libc:adj_fdiv.obj
 0001:001c35cb       label34                    005c45cb f   libc:adj_fdiv.obj
 0001:001c35e5       label35                    005c45e5 f   libc:adj_fdiv.obj
 0001:001c35ea       label36                    005c45ea f   libc:adj_fdiv.obj
 0001:001c360a       label37                    005c460a f   libc:adj_fdiv.obj
 0001:001c361e       label38                    005c461e f   libc:adj_fdiv.obj
 0001:001c3636       label39                    005c4636 f   libc:adj_fdiv.obj
 0001:001c364a       label40                    005c464a f   libc:adj_fdiv.obj
 0001:001c366a       label41                    005c466a f   libc:adj_fdiv.obj
 0001:001c366f       label42                    005c466f f   libc:adj_fdiv.obj
 0001:001c3689       label43                    005c4689 f   libc:adj_fdiv.obj
 0001:001c368e       label44                    005c468e f   libc:adj_fdiv.obj
 0001:001c36ae       label45                    005c46ae f   libc:adj_fdiv.obj
 0001:001c36c2       label46                    005c46c2 f   libc:adj_fdiv.obj
 0001:001c36da       label47                    005c46da f   libc:adj_fdiv.obj
 0001:001c36ee       label48                    005c46ee f   libc:adj_fdiv.obj
 0001:001c370e       label49                    005c470e f   libc:adj_fdiv.obj
 0001:001c3713       label50                    005c4713 f   libc:adj_fdiv.obj
 0001:001c372d       label51                    005c472d f   libc:adj_fdiv.obj
 0001:001c3732       label52                    005c4732 f   libc:adj_fdiv.obj
 0001:001c3752       label53                    005c4752 f   libc:adj_fdiv.obj
 0001:001c3766       label54                    005c4766 f   libc:adj_fdiv.obj
 0001:001c377e       label55                    005c477e f   libc:adj_fdiv.obj
 0001:001c3792       label56                    005c4792 f   libc:adj_fdiv.obj
 0001:001c37b2       label57                    005c47b2 f   libc:adj_fdiv.obj
 0001:001c37b7       label58                    005c47b7 f   libc:adj_fdiv.obj
 0001:001c37d1       label59                    005c47d1 f   libc:adj_fdiv.obj
 0001:001c37d6       label60                    005c47d6 f   libc:adj_fdiv.obj
 0001:001c37f6       label61                    005c47f6 f   libc:adj_fdiv.obj
 0001:001c380a       label62                    005c480a f   libc:adj_fdiv.obj
 0001:001c3822       label63                    005c4822 f   libc:adj_fdiv.obj
 0001:001c3180       fFSINH                     005c4180 f   libc:87trigh.obj
 0001:001c31f4       _rtforsnhinf               005c41f4 f   libc:87trigh.obj
 0001:001c31d2       fFCOSH                     005c41d2 f   libc:87trigh.obj
 0001:001c3201       _rtforcshinf               005c4201 f   libc:87trigh.obj
 0001:001c3199       fFTANH                     005c4199 f   libc:87trigh.obj
 0001:001c3221       _rtfortnhinf               005c4221 f   libc:87trigh.obj
 0001:001c2e9c       fFATN2                     005c3e9c f   libc:87triga.obj
 0001:001c2f12       _rtforatnby0               005c3f12 f   libc:87triga.obj
 0001:001c2ef5       _rtforatn20                005c3ef5 f   libc:87triga.obj
 0001:001c2c81       fFEXP                      005c3c81 f   libc:87tran.obj
 0001:001c2dc1       _rtforexpinf               005c3dc1 f   libc:87tran.obj
 0001:001c26ad       _write_char                005c36ad f   libc:output.obj
 0001:001c26e2       _write_multi_char          005c36e2 f   libc:output.obj
 0001:001c2713       _write_string              005c3713 f   libc:output.obj
 0001:001c274b       _get_int_arg               005c374b f   libc:output.obj
 0001:001c2758       _get_int64_arg             005c3758 f   libc:output.obj
 0001:001c2768       _get_short_arg             005c3768 f   libc:output.obj
 0001:001c7203       _strncnt                   005c8203 f   libc:a_cmp.obj
 0001:001c0a59       __cftoe_g                  005c1a59 f   libc:cvt.obj
 0001:001c0a80       __cftof_g                  005c1a80 f   libc:cvt.obj
 0001:001c0af4       __shift                    005c1af4 f   libc:cvt.obj
 0001:001bfe76       _parse_cmdline             005c0e76 f   libc:stdargv.obj
 0001:001bf91b       _xtoa                      005c091b f   libc:xtoa.obj
 0001:001bf61c       _gu_return                 005c061c f   libc:exsup.obj
 0001:001bf624       __unwind_handler           005c0624 f   libc:exsup.obj
 0001:001befd2       _xcptlookup                005bffd2 f   libc:winxfltr.obj
 0001:001bece7       _ctrlevent_capture@4       005bfce7 f   libc:winsig.obj
 0001:001bee4c       _siglookup                 005bfe4c f   libc:winsig.obj
 0001:001bea16       __abstract_cw              005bfa16 f   libc:ieee87.obj
 0001:001beaa8       __hw_cw                    005bfaa8 f   libc:ieee87.obj
 0001:001beb31       __abstract_sw              005bfb31 f   libc:ieee87.obj
 0001:001be891       _doexit                    005bf891 f   libc:crt0dat.obj
 0001:001be92a       __initterm                 005bf92a f   libc:crt0dat.obj
 0001:001bdc18       __expandtime               005bec18 f   libc:strftime.obj
 0001:001be007       __store_str                005bf007 f   libc:strftime.obj
 0001:001be02e       __store_num                005bf02e f   libc:strftime.obj
 0001:001be09d       __store_number             005bf09d f   libc:strftime.obj
 0001:001be0e6       __store_winword            005bf0e6 f   libc:strftime.obj
 0001:001bd774       fFMOD                      005be774 f   libc:87fmod.obj
 0001:001bca50       LeadUp1                    005bda50 f   libc:memcpy.obj
 0001:001bca7c       LeadUp2                    005bda7c f   libc:memcpy.obj
 0001:001bcaa0       LeadUp3                    005bdaa0 f   libc:memcpy.obj
 0001:001bcb1f       UnwindUp0                  005bdb1f f   libc:memcpy.obj
 0001:001bcb0c       UnwindUp1                  005bdb0c f   libc:memcpy.obj
 0001:001bcb04       UnwindUp2                  005bdb04 f   libc:memcpy.obj
 0001:001bcafc       UnwindUp3                  005bdafc f   libc:memcpy.obj
 0001:001bcaf4       UnwindUp4                  005bdaf4 f   libc:memcpy.obj
 0001:001bcaec       UnwindUp5                  005bdaec f   libc:memcpy.obj
 0001:001bcae4       UnwindUp6                  005bdae4 f   libc:memcpy.obj
 0001:001bcadc       UnwindUp7                  005bdadc f   libc:memcpy.obj
 0001:001bcb38       TrailUp0                   005bdb38 f   libc:memcpy.obj
 0001:001bcb40       TrailUp1                   005bdb40 f   libc:memcpy.obj
 0001:001bcb4c       TrailUp2                   005bdb4c f   libc:memcpy.obj
 0001:001bcb60       TrailUp3                   005bdb60 f   libc:memcpy.obj
 0001:001bcbd8       LeadDown1                  005bdbd8 f   libc:memcpy.obj
 0001:001bcbf8       LeadDown2                  005bdbf8 f   libc:memcpy.obj
 0001:001bcc20       LeadDown3                  005bdc20 f   libc:memcpy.obj
 0001:001bcc74       UnwindDown7                005bdc74 f   libc:memcpy.obj
 0001:001bcc7c       UnwindDown6                005bdc7c f   libc:memcpy.obj
 0001:001bcc84       UnwindDown5                005bdc84 f   libc:memcpy.obj
 0001:001bcc8c       UnwindDown4                005bdc8c f   libc:memcpy.obj
 0001:001bcc94       UnwindDown3                005bdc94 f   libc:memcpy.obj
 0001:001bcc9c       UnwindDown2                005bdc9c f   libc:memcpy.obj
 0001:001bcca4       UnwindDown1                005bdca4 f   libc:memcpy.obj
 0001:001bccb7       UnwindDown0                005bdcb7 f   libc:memcpy.obj
 0001:001bccd0       TrailDown0                 005bdcd0 f   libc:memcpy.obj
 0001:001bccd8       TrailDown1                 005bdcd8 f   libc:memcpy.obj
 0001:001bcce8       TrailDown2                 005bdce8 f   libc:memcpy.obj
 0001:001bccfc       TrailDown3                 005bdcfc f   libc:memcpy.obj
 0001:001bc90b       _fast_error_exit           005bd90b f   libc:wincrt0.obj

 176 bytes saved through ICF

